Component: ARM Compiler 5.05 update 1 (build 106) Tool: armlink [4d0efa]

==============================================================================

Section Cross References

    main.o(i.hardware_init) refers to delay.o(i.delay_init) for delay_init
    main.o(i.hardware_init) refers to lcd.o(i.LCD_Init) for LCD_Init
    main.o(i.hardware_init) refers to relay.o(i.relay_init) for relay_init
    main.o(i.hardware_init) refers to adc.o(i.Adc_Init) for Adc_Init
    main.o(i.hardware_init) refers to lcd.o(i.LCD_ShowHz_48) for LCD_ShowHz_48
    main.o(i.hardware_init) refers to lcd.o(.data) for POINT_COLOR
    main.o(i.main) refers to main.o(i.hardware_init) for hardware_init
    main.o(i.main) refers to adc.o(i.AD_con) for AD_con
    main.o(i.main) refers to relay.o(i.xihe) for xihe
    main.o(i.main) refers to delay.o(i.delay_ms) for delay_ms
    main.o(i.main) refers to lcd.o(i.LCD_printf) for LCD_printf
    main.o(i.main) refers to relay.o(i.duankai) for duankai
    system_stm32f10x.o(i.SetSysClock) refers to system_stm32f10x.o(i.SetSysClockTo72) for SetSysClockTo72
    system_stm32f10x.o(i.SystemCoreClockUpdate) refers to system_stm32f10x.o(.data) for SystemCoreClock
    system_stm32f10x.o(i.SystemInit) refers to system_stm32f10x.o(i.SetSysClock) for SetSysClock
    delay.o(i.delay_init) refers to misc.o(i.SysTick_CLKSourceConfig) for SysTick_CLKSourceConfig
    delay.o(i.delay_init) refers to system_stm32f10x.o(.data) for SystemCoreClock
    delay.o(i.delay_init) refers to delay.o(.data) for fac_us
    delay.o(i.delay_ms) refers to delay.o(.data) for fac_ms
    delay.o(i.delay_us) refers to delay.o(.data) for fac_us
    startup_stm32f10x_hd.o(STACK) refers (Special) to heapauxi.o(.text) for __use_two_region_memory
    startup_stm32f10x_hd.o(HEAP) refers (Special) to heapauxi.o(.text) for __use_two_region_memory
    startup_stm32f10x_hd.o(RESET) refers (Special) to heapauxi.o(.text) for __use_two_region_memory
    startup_stm32f10x_hd.o(RESET) refers to startup_stm32f10x_hd.o(STACK) for __initial_sp
    startup_stm32f10x_hd.o(RESET) refers to startup_stm32f10x_hd.o(.text) for Reset_Handler
    startup_stm32f10x_hd.o(RESET) refers to stm32f10x_it.o(i.NMI_Handler) for NMI_Handler
    startup_stm32f10x_hd.o(RESET) refers to stm32f10x_it.o(i.HardFault_Handler) for HardFault_Handler
    startup_stm32f10x_hd.o(RESET) refers to stm32f10x_it.o(i.MemManage_Handler) for MemManage_Handler
    startup_stm32f10x_hd.o(RESET) refers to stm32f10x_it.o(i.BusFault_Handler) for BusFault_Handler
    startup_stm32f10x_hd.o(RESET) refers to stm32f10x_it.o(i.UsageFault_Handler) for UsageFault_Handler
    startup_stm32f10x_hd.o(RESET) refers to stm32f10x_it.o(i.SVC_Handler) for SVC_Handler
    startup_stm32f10x_hd.o(RESET) refers to stm32f10x_it.o(i.DebugMon_Handler) for DebugMon_Handler
    startup_stm32f10x_hd.o(RESET) refers to stm32f10x_it.o(i.PendSV_Handler) for PendSV_Handler
    startup_stm32f10x_hd.o(RESET) refers to stm32f10x_it.o(i.SysTick_Handler) for SysTick_Handler
    startup_stm32f10x_hd.o(RESET) refers to hwtimer.o(i.TIM3_IRQHandler) for TIM3_IRQHandler
    startup_stm32f10x_hd.o(.text) refers (Special) to heapauxi.o(.text) for __use_two_region_memory
    startup_stm32f10x_hd.o(.text) refers to system_stm32f10x.o(i.SystemInit) for SystemInit
    startup_stm32f10x_hd.o(.text) refers to __main.o(!!!main) for __main
    startup_stm32f10x_hd.o(.text) refers to startup_stm32f10x_hd.o(HEAP) for Heap_Mem
    startup_stm32f10x_hd.o(.text) refers to startup_stm32f10x_hd.o(STACK) for Stack_Mem
    stm32f10x_adc.o(i.ADC_DeInit) refers to stm32f10x_rcc.o(i.RCC_APB2PeriphResetCmd) for RCC_APB2PeriphResetCmd
    stm32f10x_bkp.o(i.BKP_DeInit) refers to stm32f10x_rcc.o(i.RCC_BackupResetCmd) for RCC_BackupResetCmd
    stm32f10x_can.o(i.CAN_DeInit) refers to stm32f10x_rcc.o(i.RCC_APB1PeriphResetCmd) for RCC_APB1PeriphResetCmd
    stm32f10x_can.o(i.CAN_GetITStatus) refers to stm32f10x_can.o(i.CheckITStatus) for CheckITStatus
    stm32f10x_cec.o(i.CEC_DeInit) refers to stm32f10x_rcc.o(i.RCC_APB1PeriphResetCmd) for RCC_APB1PeriphResetCmd
    stm32f10x_dac.o(i.DAC_DeInit) refers to stm32f10x_rcc.o(i.RCC_APB1PeriphResetCmd) for RCC_APB1PeriphResetCmd
    stm32f10x_flash.o(i.FLASH_EnableWriteProtection) refers to stm32f10x_flash.o(i.FLASH_WaitForLastOperation) for FLASH_WaitForLastOperation
    stm32f10x_flash.o(i.FLASH_EraseAllBank1Pages) refers to stm32f10x_flash.o(i.FLASH_WaitForLastBank1Operation) for FLASH_WaitForLastBank1Operation
    stm32f10x_flash.o(i.FLASH_EraseAllPages) refers to stm32f10x_flash.o(i.FLASH_WaitForLastOperation) for FLASH_WaitForLastOperation
    stm32f10x_flash.o(i.FLASH_EraseOptionBytes) refers to stm32f10x_flash.o(i.FLASH_GetReadOutProtectionStatus) for FLASH_GetReadOutProtectionStatus
    stm32f10x_flash.o(i.FLASH_EraseOptionBytes) refers to stm32f10x_flash.o(i.FLASH_WaitForLastOperation) for FLASH_WaitForLastOperation
[...]
    i.TP_Adjust                              0x08007270   Section        0  touch.o(i.TP_Adjust)
    i.TP_Drow_Touch_Point                    0x08007abc   Section        0  touch.o(i.TP_Drow_Touch_Point)
    i.TP_Get_Adjdata                         0x08007b2c   Section        0  touch.o(i.TP_Get_Adjdata)
    i.TP_Init                                0x08007bd4   Section        0  touch.o(i.TP_Init)
    i.TP_Read_AD                             0x08007cc8   Section        0  touch.o(i.TP_Read_AD)
    i.TP_Read_XOY                            0x08007d54   Section        0  touch.o(i.TP_Read_XOY)
    i.TP_Read_XY                             0x08007dcc   Section        0  touch.o(i.TP_Read_XY)
    i.TP_Read_XY2                            0x08007dfc   Section        0  touch.o(i.TP_Read_XY2)
    i.TP_Save_Adjdata                        0x08007ebc   Section        0  touch.o(i.TP_Save_Adjdata)
    i.TP_Scan                                0x08007f34   Section        0  touch.o(i.TP_Scan)
    i.TP_Write_Byte                          0x08008034   Section        0  touch.o(i.TP_Write_Byte)
    i.UsageFault_Handler                     0x08008078   Section        0  stm32f10x_it.o(i.UsageFault_Handler)
    i.__ARM_fpclassify                       0x0800807c   Section        0  fpclassify.o(i.__ARM_fpclassify)
    i._is_digit                              0x080080a4   Section        0  __printf_wp.o(i._is_digit)
    i.delay_init                             0x080080b4   Section        0  delay.o(i.delay_init)
    i.delay_ms                               0x080080f8   Section        0  delay.o(i.delay_ms)
    i.delay_us                               0x08008144   Section        0  delay.o(i.delay_us)
    i.duankai                                0x08008190   Section        0  relay.o(i.duankai)
    i.hardware_init                          0x08008328   Section        0  main.o(i.hardware_init)
    i.main                                   0x08008368   Section        0  main.o(i.main)
    i.relay_init                             0x08008420   Section        0  relay.o(i.relay_init)
    i.sqrt                                   0x080084d4   Section        0  sqrt.o(i.sqrt)
    i.xihe                                   0x08008520   Section        0  relay.o(i.xihe)
    locale$$code                             0x080086b8   Section       44  lc_numeric_c.o(locale$$code)
    locale$$code                             0x080086e4   Section       44  lc_ctype_c.o(locale$$code)
    x$fpl$d2f                                0x08008710   Section       98  d2f.o(x$fpl$d2f)
    x$fpl$dadd                               0x08008774   Section      336  daddsub_clz.o(x$fpl$dadd)
    _dadd1                                   0x08008785   Thumb Code     0  daddsub_clz.o(x$fpl$dadd)
    x$fpl$dcmpinf                            0x080088c4   Section       24  dcmpi.o(x$fpl$dcmpinf)
    x$fpl$ddiv                               0x080088dc   Section      688  ddiv.o(x$fpl$ddiv)
    ddiv_entry                               0x080088e3   Thumb Code     0  ddiv.o(x$fpl$ddiv)
    x$fpl$dfixu                              0x08008b8c   Section       90  dfixu.o(x$fpl$dfixu)
    x$fpl$dflt                               0x08008be6   Section       46  dflt_clz.o(x$fpl$dflt)
    x$fpl$dfltu                              0x08008c14   Section       38  dflt_clz.o(x$fpl$dfltu)
    x$fpl$dleqf                              0x08008c3c   Section      120  dleqf.o(x$fpl$dleqf)
    x$fpl$dmul                               0x08008cb4   Section      340  dmul.o(x$fpl$dmul)
    x$fpl$dnaninf                            0x08008e08   Section      156  dnaninf.o(x$fpl$dnaninf)
    x$fpl$dretinf                            0x08008ea4   Section       12  dretinf.o(x$fpl$dretinf)
    x$fpl$drleqf                             0x08008eb0   Section      108  drleqf.o(x$fpl$drleqf)
    x$fpl$drsb                               0x08008f1c   Section       22  daddsub_clz.o(x$fpl$drsb)
    x$fpl$dsqrt                              0x08008f34   Section      460  dsqrt_noumaal.o(x$fpl$dsqrt)
    x$fpl$dsub                               0x08009100   Section      468  daddsub_clz.o(x$fpl$dsub)
    _dsub1                                   0x08009111   Thumb Code     0  daddsub_clz.o(x$fpl$dsub)
    x$fpl$f2d                                0x080092d4   Section       86  f2d.o(x$fpl$f2d)
    x$fpl$fadd                               0x0800932c   Section      196  faddsub_clz.o(x$fpl$fadd)
    _fadd1                                   0x0800933b   Thumb Code     0  faddsub_clz.o(x$fpl$fadd)
    x$fpl$fdiv                               0x080093f0   Section      388  fdiv.o(x$fpl$fdiv)
    _fdiv1                                   0x080093f1   Thumb Code     0  fdiv.o(x$fpl$fdiv)
    x$fpl$ffix                               0x08009574   Section       54  ffix.o(x$fpl$ffix)
    x$fpl$ffixu                              0x080095ac   Section       62  ffixu.o(x$fpl$ffixu)
    x$fpl$fflt                               0x080095ec   Section       48  fflt_clz.o(x$fpl$fflt)
    x$fpl$ffltu                              0x0800961c   Section       38  fflt_clz.o(x$fpl$ffltu)
    x$fpl$fmul                               0x08009644   Section      258  fmul.o(x$fpl$fmul)
    x$fpl$fnaninf                            0x08009746   Section      140  fnaninf.o(x$fpl$fnaninf)
    x$fpl$fretinf                            0x080097d2   Section       10  fretinf.o(x$fpl$fretinf)
    x$fpl$fsub                               0x080097dc   Section      234  faddsub_clz.o(x$fpl$fsub)
    _fsub1                                   0x080097eb   Thumb Code     0  faddsub_clz.o(x$fpl$fsub)
    x$fpl$printf1                            0x080098c6   Section        4  printf1.o(x$fpl$printf1)
    .constdata                               0x080098ca   Section    32064  lcd.o(.constdata)
    x$fpl$usenofp                            0x080098ca   Section        0  usenofp.o(x$fpl$usenofp)
    .constdata                               0x0801160a   Section      194  gt9147.o(.constdata)
    .constdata                               0x080116cc   Section       10  ott2001a.o(.constdata)
    .constdata                               0x080116d8   Section        8  _printf_wctomb.o(.constdata)
    initial_mbstate                          0x080116d8   Data           8  _printf_wctomb.o(.constdata)
    .constdata                               0x080116e0   Section       40  _printf_hex_int_ll_ptr.o(.constdata)
    uc_hextab                                0x080116e0   Data          20  _printf_hex_int_ll_ptr.o(.constdata)
    lc_hextab                                0x080116f4   Data          20  _printf_hex_int_ll_ptr.o(.constdata)
    .constdata                               0x08011708   Section       17  __printf_flags_ss_wp.o(.constdata)
    maptable                                 0x08011708   Data          17  __printf_flags_ss_wp.o(.constdata)
    .constdata                               0x0801171c   Section      148  bigflt0.o(.constdata)
    tenpwrs_x                                0x0801171c   Data          60  bigflt0.o(.constdata)
    tenpwrs_i                                0x08011758   Data          64  bigflt0.o(.constdata)
    .conststring                             0x080117b0   Section      121  touch.o(.conststring)
    locale$$data                             0x0801184c   Section       28  lc_numeric_c.o(locale$$data)
    __lcnum_c_name                           0x08011850   Data           2  lc_numeric_c.o(locale$$data)
    __lcnum_c_start                          0x08011858   Data           0  lc_numeric_c.o(locale$$data)
    __lcnum_c_point                          0x08011864   Data           0  lc_numeric_c.o(locale$$data)
    __lcnum_c_thousands                      0x08011866   Data           0  lc_numeric_c.o(locale$$data)
    __lcnum_c_grouping                       0x08011867   Data           0  lc_numeric_c.o(locale$$data)
    locale$$data                             0x08011868   Section      272  lc_ctype_c.o(locale$$data)
    __lcnum_c_end                            0x08011868   Data           0  lc_numeric_c.o(locale$$data)
    __lcctype_c_name                         0x0801186c   Data           2  lc_ctype_c.o(locale$$data)
    __lcctype_c_start                        0x08011874   Data           0  lc_ctype_c.o(locale$$data)
    __lcctype_c_end                          0x08011978   Data           0  lc_ctype_c.o(locale$$data)
    .data                                    0x20000000   Section       20  system_stm32f10x.o(.data)
    .data                                    0x20000014   Section        4  delay.o(.data)
    fac_us                                   0x20000014   Data           1  delay.o(.data)
    fac_ms                                   0x20000016   Data           2  delay.o(.data)
    .data                                    0x20000018   Section        4  lcd.o(.data)
    .data                                    0x2000001c   Section        1  gt9147.o(.data)
    t                                        0x2000001c   Data           1  gt9147.o(.data)
    .data                                    0x2000001d   Section        1  ott2001a.o(.data)
    t                                        0x2000001d   Data           1  ott2001a.o(.data)
    .data                                    0x20000020   Section       44  touch.o(.data)
    .data                                    0x2000004c   Section        9  hwtimer.o(.data)
    .bss                                     0x20000058   Section       14  lcd.o(.bss)
    .bss                                     0x20000068   Section       96  libspace.o(.bss)
    HEAP                                     0x200000c8   Section      512  startup_stm32f10x_hd.o(HEAP)
    Heap_Mem                                 0x200000c8   Data         512  startup_stm32f10x_hd.o(HEAP)
    STACK                                    0x200002c8   Section     1024  startup_stm32f10x_hd.o(STACK)
    Stack_Mem                                0x200002c8   Data        1024  startup_stm32f10x_hd.o(STACK)
    __initial_sp                             0x200006c8   Data           0  startup_stm32f10x_hd.o(STACK)

    Global Symbols

    Symbol Name                              Value     Ov Type        Size  Object(Section)

    BuildAttributes$$THM_ISAv4$P$D$K$B$S$PE$A:L22UL41UL21$X:L11$S22US41US21$IEEE1$IW$USESV6$~STKCKD$USESV7$~SHL$OTIME$ROPI$IEEEJ$EBA8$UX$STANDARDLIB$REQ8$PRES8$EABIv2 0x00000000   Number         0  anon$$obj.o ABSOLUTE
    __ARM_use_no_argv                        0x00000000   Number         0  main.o ABSOLUTE
    _printf_flags                            0x00000000   Number         0  printf_stubs.o ABSOLUTE
    _printf_return_value                     0x00000000   Number         0  printf_stubs.o ABSOLUTE
    _printf_sizespec                         0x00000000   Number         0  printf_stubs.o ABSOLUTE
    _printf_widthprec                        0x00000000   Number         0  printf_stubs.o ABSOLUTE
    __ARM_exceptions_init                     - Undefined Weak Reference
    __alloca_initialize                       - Undefined Weak Reference
    __arm_preinit_                            - Undefined Weak Reference
    __cpp_initialize__aeabi_                  - Undefined Weak Reference
    __cxa_finalize                            - Undefined Weak Reference
    __sigvec_lookup                           - Undefined Weak Reference
    _atexit_init                              - Undefined Weak Reference
    _call_atexit_fns                          - Undefined Weak Reference
    _clock_init                               - Undefined Weak Reference
    _fp_trap_init                             - Undefined Weak Reference
    _fp_trap_shutdown                         - Undefined Weak Reference
    _get_lc_collate                           - Undefined Weak Reference
    _get_lc_monetary                          - Undefined Weak Reference
    _get_lc_time                              - Undefined Weak Reference
    _getenv_init                              - Undefined Weak Reference
    _handle_redirection                       - Undefined Weak Reference
    _init_alloc                               - Undefined Weak Reference
    _init_user_alloc                          - Undefined Weak Reference
    _initio                                   - Undefined Weak Reference
    _printf_fp_hex                            - Undefined Weak Reference
    _printf_mbtowc                            - Undefined Weak Reference
    _printf_wc                                - Undefined Weak Reference
    _rand_init                                - Undefined Weak Reference
    _signal_finish                            - Undefined Weak Reference
    _signal_init                              - Undefined Weak Reference
    _terminate_alloc                          - Undefined Weak Reference
    _terminate_user_alloc                     - Undefined Weak Reference
    _terminateio                              - Undefined Weak Reference
    __Vectors_Size                           0x00000130   Number         0  startup_stm32f10x_hd.o ABSOLUTE
    __Vectors                                0x08000000   Data           4  startup_stm32f10x_hd.o(RESET)
    __Vectors_End                            0x08000130   Data           0  startup_stm32f10x_hd.o(RESET)
    __main                                   0x08000131   Thumb Code     8  __main.o(!!!main)
    __scatterload                            0x08000139   Thumb Code     0  __scatter.o(!!!scatter)
    __scatterload_rt2                        0x08000139   Thumb Code    44  __scatter.o(!!!scatter)
    __scatterload_rt2_thumb_only             0x08000139   Thumb Code     0  __scatter.o(!!!scatter)
    __scatterload_null                       0x08000147   Thumb Code     0  __scatter.o(!!!scatter)
    __scatterload_copy                       0x0800016d   Thumb Code    26  __scatter_copy.o(!!handler_copy)
    __scatterload_zeroinit                   0x08000189   Thumb Code    28  __scatter_zi.o(!!handler_zi)
    _printf_n                                0x080001a5   Thumb Code     0  _printf_n.o(.ARM.Collect$$_printf_percent$$00000001)
    _printf_percent                          0x080001a5   Thumb Code     0  _printf_percent.o(.ARM.Collect$$_printf_percent$$00000000)
    _printf_p                                0x080001ab   Thumb Code     0  _printf_p.o(.ARM.Collect$$_printf_percent$$00000002)
    _printf_f                                0x080001b1   Thumb Code     0  _printf_f.o(.ARM.Collect$$_printf_percent$$00000003)
    _printf_e                                0x080001b7   Thumb Code     0  _printf_e.o(.ARM.Collect$$_printf_percent$$00000004)
    _printf_g                                0x080001bd   Thumb Code     0  _printf_g.o(.ARM.Collect$$_printf_percent$$00000005)
    _printf_a                                0x080001c3   Thumb Code     0  _printf_a.o(.ARM.Collect$$_printf_percent$$00000006)
    _printf_ll                               0x080001c9   Thumb Code     0  _printf_ll.o(.ARM.Collect$$_printf_percent$$00000007)
    _printf_i                                0x080001d3   Thumb Code     0  _printf_i.o(.ARM.Collect$$_printf_percent$$00000008)
    _printf_d                                0x080001d9   Thumb Code     0  _printf_d.o(.ARM.Collect$$_printf_percent$$00000009)
    _printf_u                                0x080001df   Thumb Code     0  _printf_u.o(.ARM.Collect$$_printf_percent$$0000000A)
    _printf_o                                0x080001e5   Thumb Code     0  _printf_o.o(.ARM.Collect$$_printf_percent$$0000000B)
    _printf_x                                0x080001eb   Thumb Code     0  _printf_x.o(.ARM.Collect$$_printf_percent$$0000000C)
    _printf_lli                              0x080001f1   Thumb Code     0  _printf_lli.o(.ARM.Collect$$_printf_percent$$0000000D)
    _printf_lld                              0x080001f7   Thumb Code     0  _printf_lld.o(.ARM.Collect$$_printf_percent$$0000000E)
    _printf_llu                              0x080001fd   Thumb Code     0  _printf_llu.o(.ARM.Collect$$_printf_percent$$0000000F)
    _printf_llo                              0x08000203   Thumb Code     0  _printf_llo.o(.ARM.Collect$$_printf_percent$$00000010)
    _printf_llx                              0x08000209   Thumb Code     0  _printf_llx.o(.ARM.Collect$$_printf_percent$$00000011)
    _printf_l                                0x0800020f   Thumb Code     0  _printf_l.o(.ARM.Collect$$_printf_percent$$00000012)
    _printf_c                                0x08000219   Thumb Code     0  _printf_c.o(.ARM.Collect$$_printf_percent$$00000013)
    _printf_s                                0x0800021f   Thumb Code     0  _printf_s.o(.ARM.Collect$$_printf_percent$$00000014)
    _printf_lc                               0x08000225   Thumb Code     0  _printf_lc.o(.ARM.Collect$$_printf_percent$$00000015)
    _printf_ls                               0x0800022b   Thumb Code     0  _printf_ls.o(.ARM.Collect$$_printf_percent$$00000016)
    _printf_percent_end                      0x08000231   Thumb Code     0  _printf_percent_end.o(.ARM.Collect$$_printf_percent$$00000017)
    __rt_lib_init                            0x08000235   Thumb Code     0  libinit.o(.ARM.Collect$$libinit$$00000000)
    __rt_lib_init_fp_1                       0x08000237   Thumb Code     0  libinit2.o(.ARM.Collect$$libinit$$00000002)
    __rt_lib_init_heap_1                     0x08000237   Thumb Code     0  libinit2.o(.ARM.Collect$$libinit$$0000000A)
    __rt_lib_init_lc_common                  0x08000237   Thumb Code     0  libinit2.o(.ARM.Collect$$libinit$$0000000F)
    __rt_lib_init_preinit_1                  0x08000237   Thumb Code     0  libinit2.o(.ARM.Collect$$libinit$$00000004)
    __rt_lib_init_rand_1                     0x08000237   Thumb Code     0  libinit2.o(.ARM.Collect$$libinit$$0000000E)
    __rt_lib_init_user_alloc_1               0x08000237   Thumb Code     0  libinit2.o(.ARM.Collect$$libinit$$0000000C)
    __rt_lib_init_lc_collate_1               0x0800023d   Thumb Code     0  libinit2.o(.ARM.Collect$$libinit$$00000011)
    __rt_lib_init_lc_ctype_2                 0x0800023d   Thumb Code     0  libinit2.o(.ARM.Collect$$libinit$$00000012)
    __rt_lib_init_lc_ctype_1                 0x08000249   Thumb Code     0  libinit2.o(.ARM.Collect$$libinit$$00000013)
    __rt_lib_init_lc_monetary_1              0x08000249   Thumb Code     0  libinit2.o(.ARM.Collect$$libinit$$00000015)
    __rt_lib_init_lc_numeric_2               0x08000249   Thumb Code     0  libinit2.o(.ARM.Collect$$libinit$$00000016)
    __rt_lib_init_alloca_1                   0x08000253   Thumb Code     0  libinit2.o(.ARM.Collect$$libinit$$0000002E)
    __rt_lib_init_argv_1                     0x08000253   Thumb Code     0  libinit2.o(.ARM.Collect$$libinit$$0000002C)
    __rt_lib_init_atexit_1                   0x08000253   Thumb Code     0  libinit2.o(.ARM.Collect$$libinit$$0000001B)
    __rt_lib_init_clock_1                    0x08000253   Thumb Code     0  libinit2.o(.ARM.Collect$$libinit$$00000021)
    __rt_lib_init_cpp_1                      0x08000253   Thumb Code     0  libinit2.o(.ARM.Collect$$libinit$$00000032)
    __rt_lib_init_exceptions_1               0x08000253   Thumb Code     0  libinit2.o(.ARM.Collect$$libinit$$00000030)
    __rt_lib_init_fp_trap_1                  0x08000253   Thumb Code     0  libinit2.o(.ARM.Collect$$libinit$$0000001F)
    __rt_lib_init_getenv_1                   0x08000253   Thumb Code     0  libinit2.o(.ARM.Collect$$libinit$$00000023)
    __rt_lib_init_lc_numeric_1               0x08000253   Thumb Code     0  libinit2.o(.ARM.Collect$$libinit$$00000017)
    __rt_lib_init_lc_time_1                  0x08000253   Thumb Code     0  libinit2.o(.ARM.Collect$$libinit$$00000019)
    __rt_lib_init_return                     0x08000253   Thumb Code     0  libinit2.o(.ARM.Collect$$libinit$$00000033)
    __rt_lib_init_signal_1                   0x08000253   Thumb Code     0  libinit2.o(.ARM.Collect$$libinit$$0000001D)
    __rt_lib_init_stdio_1                    0x08000253   Thumb Code     0  libinit2.o(.ARM.Collect$$libinit$$00000025)
    __rt_lib_shutdown                        0x08000255   Thumb Code     0  libshutdown.o(.ARM.Collect$$libshutdown$$00000000)
    __rt_lib_shutdown_fp_trap_1              0x08000257   Thumb Code     0  libshutdown2.o(.ARM.Collect$$libshutdown$$00000006)
    __rt_lib_shutdown_heap_1                 0x08000257   Thumb Code     0  libshutdown2.o(.ARM.Collect$$libshutdown$$0000000E)
    __rt_lib_shutdown_return                 0x08000257   Thumb Code     0  libshutdown2.o(.ARM.Collect$$libshutdown$$0000000F)
    __rt_lib_shutdown_signal_1               0x08000257   Thumb Code     0  libshutdown2.o(.ARM.Collect$$libshutdown$$00000009)
    __rt_lib_shutdown_stdio_1                0x08000257   Thumb Code     0  libshutdown2.o(.ARM.Collect$$libshutdown$$00000003)
    __rt_lib_shutdown_user_alloc_1           0x08000257   Thumb Code     0  libshutdown2.o(.ARM.Collect$$libshutdown$$0000000B)
    __rt_entry                               0x08000259   Thumb Code     0  __rtentry.o(.ARM.Collect$$rtentry$$00000000)
    __rt_entry_presh_1                       0x08000259   Thumb Code     0  __rtentry2.o(.ARM.Collect$$rtentry$$00000002)
    __rt_entry_sh                            0x08000259   Thumb Code     0  __rtentry4.o(.ARM.Collect$$rtentry$$00000004)
    __rt_entry_li                            0x0800025f   Thumb Code     0  __rtentry2.o(.ARM.Collect$$rtentry$$0000000A)
    __rt_entry_postsh_1                      0x0800025f   Thumb Code     0  __rtentry2.o(.ARM.Collect$$rtentry$$00000009)
    __rt_entry_main                          0x08000263   Thumb Code     0  __rtentry2.o(.ARM.Collect$$rtentry$$0000000D)
    __rt_entry_postli_1                      0x08000263   Thumb Code     0  __rtentry2.o(.ARM.Collect$$rtentry$$0000000C)
    __rt_exit                                0x0800026b   Thumb Code     0  rtexit.o(.ARM.Collect$$rtexit$$00000000)
    __rt_exit_ls                             0x0800026d   Thumb Code     0  rtexit2.o(.ARM.Collect$$rtexit$$00000003)
    __rt_exit_prels_1                        0x0800026d   Thumb Code     0  rtexit2.o(.ARM.Collect$$rtexit$$00000002)
    __rt_exit_exit                           0x08000271   Thumb Code     0  rtexit2.o(.ARM.Collect$$rtexit$$00000004)
    Reset_Handler                            0x08000279   Thumb Code     8  startup_stm32f10x_hd.o(.text)
    ADC1_2_IRQHandler                        0x08000293   Thumb Code     0  startup_stm32f10x_hd.o(.text)
    ADC3_IRQHandler                          0x08000293   Thumb Code     0  startup_stm32f10x_hd.o(.text)
    CAN1_RX1_IRQHandler                      0x08000293   Thumb Code     0  startup_stm32f10x_hd.o(.text)
    CAN1_SCE_IRQHandler                      0x08000293   Thumb Code     0  startup_stm32f10x_hd.o(.text)
    DMA1_Channel1_IRQHandler                 0x08000293   Thumb Code     0  startup_stm32f10x_hd.o(.text)
    DMA1_Channel2_IRQHandler                 0x08000293   Thumb Code     0  startup_stm32f10x_hd.o(.text)
    DMA1_Channel3_IRQHandler                 0x08000293   Thumb Code     0  startup_stm32f10x_hd.o(.text)
    DMA1_Channel4_IRQHandler                 0x08000293   Thumb Code     0  startup_stm32f10x_hd.o(.text)
    DMA1_Channel5_IRQHandler                 0x08000293   Thumb Code     0  startup_stm32f10x_hd.o(.text)
    DMA1_Channel6_IRQHandler                 0x08000293   Thumb Code     0  startup_stm32f10x_hd.o(.text)
    DMA1_Channel7_IRQHandler                 0x08000293   Thumb Code     0  startup_stm32f10x_hd.o(.text)
    DMA2_Channel1_IRQHandler                 0x08000293   Thumb Code     0  startup_stm32f10x_hd.o(.text)
    DMA2_Channel2_IRQHandler                 0x08000293   Thumb Code     0  startup_stm32f10x_hd.o(.text)
    DMA2_Channel3_IRQHandler                 0x08000293   Thumb Code     0  startup_stm32f10x_hd.o(.text)
    DMA2_Channel4_5_IRQHandler               0x08000293   Thumb Code     0  startup_stm32f10x_hd.o(.text)
    EXTI0_IRQHandler                         0x08000293   Thumb Code     0  startup_stm32f10x_hd.o(.text)
    EXTI15_10_IRQHandler                     0x08000293   Thumb Code     0  startup_stm32f10x_hd.o(.text)
    EXTI1_IRQHandler                         0x08000293   Thumb Code     0  startup_stm32f10x_hd.o(.text)
    EXTI2_IRQHandler                         0x08000293   Thumb Code     0  startup_stm32f10x_hd.o(.text)
    EXTI3_IRQHandler                         0x08000293   Thumb Code     0  startup_stm32f10x_hd.o(.text)
    EXTI4_IRQHandler                         0x08000293   Thumb Code     0  startup_stm32f10x_hd.o(.text)
    EXTI9_5_IRQHandler                       0x08000293   Thumb Code     0  startup_stm32f10x_hd.o(.text)
    FLASH_IRQHandler                         0x08000293   Thumb Code     0  startup_stm32f10x_hd.o(.text)
    FSMC_IRQHandler                          0x08000293   Thumb Code     0  startup_stm32f10x_hd.o(.text)
    I2C1_ER_IRQHandler                       0x08000293   Thumb Code     0  startup_stm32f10x_hd.o(.text)
    I2C1_EV_IRQHandler                       0x08000293   Thumb Code     0  startup_stm32f10x_hd.o(.text)
    I2C2_ER_IRQHandler                       0x08000293   Thumb Code     0  startup_stm32f10x_hd.o(.text)
    I2C2_EV_IRQHandler                       0x08000293   Thumb Code     0  startup_stm32f10x_hd.o(.text)
    PVD_IRQHandler                           0x08000293   Thumb Code     0  startup_stm32f10x_hd.o(.text)
    RCC_IRQHandler                           0x08000293   Thumb Code     0  startup_stm32f10x_hd.o(.text)
    RTCAlarm_IRQHandler                      0x08000293   Thumb Code     0  startup_stm32f10x_hd.o(.text)
    RTC_IRQHandler                           0x08000293   Thumb Code     0  startup_stm32f10x_hd.o(.text)
    SDIO_IRQHandler                          0x08000293   Thumb Code     0  startup_stm32f10x_hd.o(.text)
    SPI1_IRQHandler                          0x08000293   Thumb Code     0  startup_stm32f10x_hd.o(.text)
    SPI2_IRQHandler                          0x08000293   Thumb Code     0  startup_stm32f10x_hd.o(.text)
    SPI3_IRQHandler                          0x08000293   Thumb Code     0  startup_stm32f10x_hd.o(.text)
    TAMPER_IRQHandler                        0x08000293   Thumb Code     0  startup_stm32f10x_hd.o(.text)
    TIM1_BRK_IRQHandler                      0x08000293   Thumb Code     0  startup_stm32f10x_hd.o(.text)
    TIM1_CC_IRQHandler                       0x08000293   Thumb Code     0  startup_stm32f10x_hd.o(.text)
    TIM1_TRG_COM_IRQHandler                  0x08000293   Thumb Code     0  startup_stm32f10x_hd.o(.text)
    TIM1_UP_IRQHandler                       0x08000293   Thumb Code     0  startup_stm32f10x_hd.o(.text)
    TIM2_IRQHandler                          0x08000293   Thumb Code     0  startup_stm32f10x_hd.o(.text)
    TIM4_IRQHandler                          0x08000293   Thumb Code     0  startup_stm32f10x_hd.o(.text)
    TIM5_IRQHandler                          0x08000293   Thumb Code     0  startup_stm32f10x_hd.o(.text)
    TIM6_IRQHandler                          0x08000293   Thumb Code     0  startup_stm32f10x_hd.o(.text)
    TIM7_IRQHandler                          0x08000293   Thumb Code     0  startup_stm32f10x_hd.o(.text)
    TIM8_BRK_IRQHandler                      0x08000293   Thumb Code     0  startup_stm32f10x_hd.o(.text)
    TIM8_CC_IRQHandler                       0x08000293   Thumb Code     0  startup_stm32f10x_hd.o(.text)
    TIM8_TRG_COM_IRQHandler                  0x08000293   Thumb Code     0  startup_stm32f10x_hd.o(.text)
    TIM8_UP_IRQHandler                       0x08000293   Thumb Code     0  startup_stm32f10x_hd.o(.text)
    UART4_IRQHandler                         0x08000293   Thumb Code     0  startup_stm32f10x_hd.o(.text)
    UART5_IRQHandler                         0x08000293   Thumb Code     0  startup_stm32f10x_hd.o(.text)
    USART1_IRQHandler                        0x08000293   Thumb Code     0  startup_stm32f10x_hd.o(.text)
    USART2_IRQHandler                        0x08000293   Thumb Code     0  startup_stm32f10x_hd.o(.text)
    USART3_IRQHandler                        0x08000293   Thumb Code     0  startup_stm32f10x_hd.o(.text)
    USBWakeUp_IRQHandler                     0x08000293   Thumb Code     0  startup_stm32f10x_hd.o(.text)
    USB_HP_CAN1_TX_IRQHandler                0x08000293   Thumb Code     0  startup_stm32f10x_hd.o(.text)
    USB_LP_CAN1_RX0_IRQHandler               0x08000293   Thumb Code     0  startup_stm32f10x_hd.o(.text)
    WWDG_IRQHandler                          0x08000293   Thumb Code     0  startup_stm32f10x_hd.o(.text)
    __user_initial_stackheap                 0x08000295   Thumb Code     0  startup_stm32f10x_hd.o(.text)
    __c89vsprintf                            0x080002b9   Thumb Code    32  c89vsprintf.o(.text)
    strcmp                                   0x080002dd   Thumb Code   128  strcmpv7m.o(.text)
    __use_two_region_memory                  0x0800035d   Thumb Code     2  heapauxi.o(.text)
    __rt_heap_escrow$2region                 0x0800035f   Thumb Code     2  heapauxi.o(.text)
    __rt_heap_expand$2region                 0x08000361   Thumb Code     2  heapauxi.o(.text)
    __read_errno                             0x08000363   Thumb Code    10  _rserrno.o(.text)
    __set_errno                              0x0800036d   Thumb Code    12  _rserrno.o(.text)
    _printf_pre_padding                      0x08000379   Thumb Code    44  _printf_pad.o(.text)
    _printf_post_padding                     0x080003a5   Thumb Code    34  _printf_pad.o(.text)
    _printf_truncate_signed                  0x080003c7   Thumb Code    18  _printf_truncate.o(.text)
    _printf_truncate_unsigned                0x080003d9   Thumb Code    18  _printf_truncate.o(.text)
    _printf_str                              0x080003eb   Thumb Code    82  _printf_str.o(.text)
    _printf_int_dec                          0x0800043d   Thumb Code   104  _printf_dec.o(.text)
    _printf_charcount                        0x080004b5   Thumb Code    40  _printf_charcount.o(.text)
    _printf_char_common                      0x080004e7   Thumb Code    32  _printf_char_common.o(.text)
    _sputc                                   0x0800050d   Thumb Code    10  _sputc.o(.text)
    _printf_wctomb                           0x08000519   Thumb Code   182  _printf_wctomb.o(.text)
    _printf_longlong_dec                     0x080005d5   Thumb Code   108  _printf_longlong_dec.o(.text)
    _printf_longlong_oct                     0x08000651   Thumb Code    68  _printf_oct_int_ll.o(.text)
    _printf_int_oct                          0x08000695   Thumb Code    24  _printf_oct_int_ll.o(.text)
    _printf_ll_oct                           0x080006ad   Thumb Code    12  _printf_oct_int_ll.o(.text)
    _printf_longlong_hex                     0x080006c1   Thumb Code    86  _printf_hex_int_ll_ptr.o(.text)
    _printf_int_hex                          0x08000717   Thumb Code    28  _printf_hex_int_ll_ptr.o(.text)
    _printf_ll_hex                           0x08000733   Thumb Code    12  _printf_hex_int_ll_ptr.o(.text)
    _printf_hex_ptr                          0x0800073f   Thumb Code    18  _printf_hex_int_ll_ptr.o(.text)
    __printf                                 0x08000755   Thumb Code   388  __printf_flags_ss_wp.o(.text)
    __aeabi_errno_addr                       0x080008dd   Thumb Code     8  rt_errno_addr_intlibspace.o(.text)
    __errno$intlibspace                      0x080008dd   Thumb Code     0  rt_errno_addr_intlibspace.o(.text)
    __rt_errno_addr$intlibspace              0x080008dd   Thumb Code     0  rt_errno_addr_intlibspace.o(.text)
    _ll_udiv10                               0x080008e5   Thumb Code   138  lludiv10.o(.text)
    _printf_int_common                       0x0800096f   Thumb Code   178  _printf_intcommon.o(.text)
    __lib_sel_fp_printf                      0x08000a21   Thumb Code     2  _printf_fp_dec.o(.text)
    _printf_fp_dec_real                      0x08000bcf   Thumb Code   620  _printf_fp_dec.o(.text)
    _printf_cs_common                        0x08000e3b   Thumb Code    20  _printf_char.o(.text)
    _printf_char                             0x08000e4f   Thumb Code    16  _printf_char.o(.text)
    _printf_string                           0x08000e5f   Thumb Code     8  _printf_char.o(.text)
    _printf_lcs_common                       0x08000e67   Thumb Code    20  _printf_wchar.o(.text)
    _printf_wchar                            0x08000e7b   Thumb Code    16  _printf_wchar.o(.text)
    _printf_wstring                          0x08000e8b   Thumb Code     8  _printf_wchar.o(.text)
    _wcrtomb                                 0x08000e93   Thumb Code    64  _wcrtomb.o(.text)
    __user_libspace                          0x08000ed5   Thumb Code     8  libspace.o(.text)
    __user_perproc_libspace                  0x08000ed5   Thumb Code     0  libspace.o(.text)
    __user_perthread_libspace                0x08000ed5   Thumb Code     0  libspace.o(.text)
    __user_setup_stackheap                   0x08000edd   Thumb Code    74  sys_stackheap_outer.o(.text)
    __rt_ctype_table                         0x08000f29   Thumb Code    16  rt_ctype_table.o(.text)
    __rt_locale                              0x08000f39   Thumb Code     8  rt_locale_intlibspace.o(.text)
    _printf_fp_infnan                        0x08000f41   Thumb Code   112  _printf_fp_infnan.o(.text)
    _btod_etento                             0x08000fc1   Thumb Code   216  bigflt0.o(.text)
    exit                                     0x0800109d   Thumb Code    12  exit.o(.text)
    _sys_exit                                0x080010a9   Thumb Code     8  sys_exit.o(.text)
    __I$use$semihosting                      0x080010b5   Thumb Code     0  use_no_semi.o(.text)
    __use_no_semihosting_swi                 0x080010b5   Thumb Code     2  use_no_semi.o(.text)
    __semihosting_library_function           0x080010b7   Thumb Code     0  indicate_semi.o(.text)
    _btod_d2e                                0x080010b7   Thumb Code    62  btod.o(CL$$btod_d2e)
    _d2e_denorm_low                          0x080010f5   Thumb Code    70  btod.o(CL$$btod_d2e_denorm_low)
    _d2e_norm_op1                            0x0800113b   Thumb Code    96  btod.o(CL$$btod_d2e_norm_op1)
    __btod_div_common                        0x0800119b   Thumb Code   696  btod.o(CL$$btod_div_common)
    _e2e                                     0x080014d3   Thumb Code   198  btod.o(CL$$btod_e2e)
    _btod_ediv                               0x08001599   Thumb Code    40  btod.o(CL$$btod_ediv)
    _btod_emul                               0x080015c1   Thumb Code    40  btod.o(CL$$btod_emul)
    __btod_mult_common                       0x080015e9   Thumb Code   580  btod.o(CL$$btod_mult_common)
    ADC_Cmd                                  0x0800182d   Thumb Code    22  stm32f10x_adc.o(i.ADC_Cmd)
    ADC_DeInit                               0x08001845   Thumb Code    78  stm32f10x_adc.o(i.ADC_DeInit)
    ADC_GetCalibrationStatus                 0x080018a1   Thumb Code    20  stm32f10x_adc.o(i.ADC_GetCalibrationStatus)
    ADC_GetConversionValue                   0x080018b5   Thumb Code     8  stm32f10x_adc.o(i.ADC_GetConversionValue)
    ADC_GetFlagStatus                        0x080018bd   Thumb Code    18  stm32f10x_adc.o(i.ADC_GetFlagStatus)
    ADC_GetResetCalibrationStatus            0x080018cf   Thumb Code    20  stm32f10x_adc.o(i.ADC_GetResetCalibrationStatus)
    ADC_Init                                 0x080018e5   Thumb Code    70  stm32f10x_adc.o(i.ADC_Init)
    ADC_RegularChannelConfig                 0x08001935   Thumb Code   184  stm32f10x_adc.o(i.ADC_RegularChannelConfig)
    ADC_ResetCalibration                     0x080019ed   Thumb Code    10  stm32f10x_adc.o(i.ADC_ResetCalibration)
    ADC_SoftwareStartConvCmd                 0x080019f7   Thumb Code    22  stm32f10x_adc.o(i.ADC_SoftwareStartConvCmd)
    ADC_StartCalibration                     0x08001a0d   Thumb Code    10  stm32f10x_adc.o(i.ADC_StartCalibration)
    AD_con                                   0x08001a19   Thumb Code    78  adc.o(i.AD_con)
    AT24CXX_Init                             0x08001a79   Thumb Code     8  24cxx.o(i.AT24CXX_Init)
    AT24CXX_ReadLenByte                      0x08001a81   Thumb Code    44  24cxx.o(i.AT24CXX_ReadLenByte)
    AT24CXX_ReadOneByte                      0x08001aad   Thumb Code    88  24cxx.o(i.AT24CXX_ReadOneByte)
    AT24CXX_WriteLenByte                     0x08001b05   Thumb Code    42  24cxx.o(i.AT24CXX_WriteLenByte)
    AT24CXX_WriteOneByte                     0x08001b2f   Thumb Code    80  24cxx.o(i.AT24CXX_WriteOneByte)
    Adc_Init                                 0x08001b81   Thumb Code   132  adc.o(i.Adc_Init)
    BusFault_Handler                         0x08001c0d   Thumb Code     4  stm32f10x_it.o(i.BusFault_Handler)
    CT_Delay                                 0x08001c11   Thumb Code    10  ctiic.o(i.CT_Delay)
    CT_IIC_Ack                               0x08001c1d   Thumb Code    62  ctiic.o(i.CT_IIC_Ack)
    CT_IIC_Init                              0x08001c6d   Thumb Code    72  ctiic.o(i.CT_IIC_Init)
    CT_IIC_NAck                              0x08001cbd   Thumb Code    62  ctiic.o(i.CT_IIC_NAck)
    CT_IIC_Read_Byte                         0x08001d0d   Thumb Code    90  ctiic.o(i.CT_IIC_Read_Byte)
    CT_IIC_Send_Byte                         0x08001d79   Thumb Code    78  ctiic.o(i.CT_IIC_Send_Byte)
    CT_IIC_Start                             0x08001dd9   Thumb Code    60  ctiic.o(i.CT_IIC_Start)
    CT_IIC_Stop                              0x08001e21   Thumb Code    58  ctiic.o(i.CT_IIC_Stop)
    CT_IIC_Wait_Ack                          0x08001e6d   Thumb Code    84  ctiic.o(i.CT_IIC_Wait_Ack)
    DebugMon_Handler                         0x08001ed1   Thumb Code     2  stm32f10x_it.o(i.DebugMon_Handler)
    Draw_Circle                              0x08001ed3   Thumb Code   152  lcd.o(i.Draw_Circle)
    FSMC_NORSRAMCmd                          0x08001f6d   Thumb Code    46  stm32f10x_fsmc.o(i.FSMC_NORSRAMCmd)
    FSMC_NORSRAMInit                         0x08001fa1   Thumb Code   230  stm32f10x_fsmc.o(i.FSMC_NORSRAMInit)
    GPIO_Init                                0x08002087   Thumb Code   278  stm32f10x_gpio.o(i.GPIO_Init)
    GPIO_ResetBits                           0x0800219d   Thumb Code     4  stm32f10x_gpio.o(i.GPIO_ResetBits)
    GPIO_SetBits                             0x080021a1   Thumb Code     4  stm32f10x_gpio.o(i.GPIO_SetBits)
    GT9147_Init                              0x080021a5   Thumb Code   234  gt9147.o(i.GT9147_Init)
    GT9147_RD_Reg                            0x080022a9   Thumb Code    98  gt9147.o(i.GT9147_RD_Reg)
    GT9147_Scan                              0x0800230d   Thumb Code   394  gt9147.o(i.GT9147_Scan)
    GT9147_Send_Cfg                          0x080024a5   Thumb Code    86  gt9147.o(i.GT9147_Send_Cfg)
    GT9147_WR_Reg                            0x08002501   Thumb Code    92  gt9147.o(i.GT9147_WR_Reg)
    Get_Adc                                  0x0800255d   Thumb Code    46  adc.o(i.Get_Adc)
    Get_Adc_Average                          0x08002591   Thumb Code    42  adc.o(i.Get_Adc_Average)
    HardFault_Handler                        0x080025bb   Thumb Code     4  stm32f10x_it.o(i.HardFault_Handler)
    IIC_Ack                                  0x080025c1   Thumb Code    66  myiic.o(i.IIC_Ack)
    IIC_Init                                 0x08002611   Thumb Code    62  myiic.o(i.IIC_Init)
    IIC_NAck                                 0x0800265d   Thumb Code    66  myiic.o(i.IIC_NAck)
    IIC_Read_Byte                            0x080026ad   Thumb Code    98  myiic.o(i.IIC_Read_Byte)
    IIC_Send_Byte                            0x0800271d   Thumb Code    90  myiic.o(i.IIC_Send_Byte)
    IIC_Start                                0x08002785   Thumb Code    64  myiic.o(i.IIC_Start)
    IIC_Stop                                 0x080027d1   Thumb Code    62  myiic.o(i.IIC_Stop)
    IIC_Wait_Ack                             0x0800281d   Thumb Code    86  myiic.o(i.IIC_Wait_Ack)
    LCD_Clear                                0x08002881   Thumb Code   100  lcd.o(i.LCD_Clear)
    LCD_Display_Dir                          0x080028ed   Thumb Code   420  lcd.o(i.LCD_Display_Dir)
    LCD_DrawLine                             0x08002a95   Thumb Code   176  lcd.o(i.LCD_DrawLine)
    LCD_DrawPoint                            0x08002b45   Thumb Code    28  lcd.o(i.LCD_DrawPoint)
    LCD_Init                                 0x08002b69   Thumb Code 14066  lcd.o(i.LCD_Init)
    LCD_Pow                                  0x08006265   Thumb Code    22  lcd.o(i.LCD_Pow)
    LCD_RD_DATA                              0x0800627d   Thumb Code     6  lcd.o(i.LCD_RD_DATA)
    LCD_ReadReg                              0x08006289   Thumb Code    22  lcd.o(i.LCD_ReadReg)
    LCD_Scan_Dir                             0x080062a1   Thumb Code   708  lcd.o(i.LCD_Scan_Dir)
    LCD_SetCursor                            0x08006569   Thumb Code   262  lcd.o(i.LCD_SetCursor)
    LCD_ShowChar                             0x08006675   Thumb Code   332  lcd.o(i.LCD_ShowChar)
    LCD_ShowHz_48                            0x080067d1   Thumb Code   288  lcd.o(i.LCD_ShowHz_48)
    LCD_ShowNum                              0x08006901   Thumb Code   148  lcd.o(i.LCD_ShowNum)
    LCD_ShowString                           0x08006995   Thumb Code   102  lcd.o(i.LCD_ShowString)
    LCD_WR_DATA                              0x080069fd   Thumb Code     6  lcd.o(i.LCD_WR_DATA)
    LCD_WR_REG                               0x08006a09   Thumb Code     6  lcd.o(i.LCD_WR_REG)
    LCD_WriteRAM_Prepare                     0x08006a15   Thumb Code    10  lcd.o(i.LCD_WriteRAM_Prepare)
    LCD_WriteReg                             0x08006a29   Thumb Code    10  lcd.o(i.LCD_WriteReg)
    LCD_printf                               0x08006a39   Thumb Code   118  lcd.o(i.LCD_printf)
    MemManage_Handler                        0x08006aaf   Thumb Code     4  stm32f10x_it.o(i.MemManage_Handler)
    NMI_Handler                              0x08006ab3   Thumb Code     2  stm32f10x_it.o(i.NMI_Handler)
    OTT2001A_Init                            0x08006ab5   Thumb Code   138  ott2001a.o(i.OTT2001A_Init)
    OTT2001A_RD_Reg                          0x08006b51   Thumb Code    98  ott2001a.o(i.OTT2001A_RD_Reg)
    OTT2001A_Scan                            0x08006bb5   Thumb Code   432  ott2001a.o(i.OTT2001A_Scan)
    OTT2001A_SensorControl                   0x08006d85   Thumb Code    28  ott2001a.o(i.OTT2001A_SensorControl)
    OTT2001A_WR_Reg                          0x08006da1   Thumb Code    92  ott2001a.o(i.OTT2001A_WR_Reg)
    PendSV_Handler                           0x08006dfd   Thumb Code     2  stm32f10x_it.o(i.PendSV_Handler)
    RCC_ADCCLKConfig                         0x08006e01   Thumb Code    18  stm32f10x_rcc.o(i.RCC_ADCCLKConfig)
    RCC_AHBPeriphClockCmd                    0x08006e19   Thumb Code    26  stm32f10x_rcc.o(i.RCC_AHBPeriphClockCmd)
    RCC_APB2PeriphClockCmd                   0x08006e39   Thumb Code    26  stm32f10x_rcc.o(i.RCC_APB2PeriphClockCmd)
    RCC_APB2PeriphResetCmd                   0x08006e59   Thumb Code    26  stm32f10x_rcc.o(i.RCC_APB2PeriphResetCmd)
    SVC_Handler                              0x08006e79   Thumb Code     2  stm32f10x_it.o(i.SVC_Handler)
    SysTick_CLKSourceConfig                  0x08006f65   Thumb Code    40  misc.o(i.SysTick_CLKSourceConfig)
    SysTick_Handler                          0x08006f8d   Thumb Code     2  stm32f10x_it.o(i.SysTick_Handler)
    SystemInit                               0x08006f91   Thumb Code    78  system_stm32f10x.o(i.SystemInit)
    TIM3_IRQHandler                          0x08006ff1   Thumb Code   158  hwtimer.o(i.TIM3_IRQHandler)
    TIM_ClearITPendingBit                    0x080070a1   Thumb Code     6  stm32f10x_tim.o(i.TIM_ClearITPendingBit)
    TIM_GetITStatus                          0x080070a7   Thumb Code    34  stm32f10x_tim.o(i.TIM_GetITStatus)
    TP_Adj_Info_Show                         0x080070c9   Thumb Code   376  touch.o(i.TP_Adj_Info_Show)
    TP_Adjust                                0x08007271   Thumb Code  2042  touch.o(i.TP_Adjust)
    TP_Drow_Touch_Point                      0x08007abd   Thumb Code   108  touch.o(i.TP_Drow_Touch_Point)
    TP_Get_Adjdata                           0x08007b2d   Thumb Code   152  touch.o(i.TP_Get_Adjdata)
    TP_Init                                  0x08007bd5   Thumb Code   220  touch.o(i.TP_Init)
    TP_Read_AD                               0x08007cc9   Thumb Code   124  touch.o(i.TP_Read_AD)
    TP_Read_XOY                              0x08007d55   Thumb Code   120  touch.o(i.TP_Read_XOY)
    TP_Read_XY                               0x08007dcd   Thumb Code    38  touch.o(i.TP_Read_XY)
    TP_Read_XY2                              0x08007dfd   Thumb Code   192  touch.o(i.TP_Read_XY2)
    TP_Save_Adjdata                          0x08007ebd   Thumb Code   110  touch.o(i.TP_Save_Adjdata)
    TP_Scan                                  0x08007f35   Thumb Code   246  touch.o(i.TP_Scan)
    TP_Write_Byte                            0x08008035   Thumb Code    54  touch.o(i.TP_Write_Byte)
    UsageFault_Handler                       0x08008079   Thumb Code     4  stm32f10x_it.o(i.UsageFault_Handler)
    __ARM_fpclassify                         0x0800807d   Thumb Code    40  fpclassify.o(i.__ARM_fpclassify)
    _is_digit                                0x080080a5   Thumb Code    14  __printf_wp.o(i._is_digit)
    delay_init                               0x080080b5   Thumb Code    50  delay.o(i.delay_init)
    delay_ms                                 0x080080f9   Thumb Code    72  delay.o(i.delay_ms)
    delay_us                                 0x08008145   Thumb Code    72  delay.o(i.delay_us)
    duankai                                  0x08008191   Thumb Code   392  relay.o(i.duankai)
    hardware_init                            0x08008329   Thumb Code    60  main.o(i.hardware_init)
    main                                     0x08008369   Thumb Code   166  main.o(i.main)
    relay_init                               0x08008421   Thumb Code   162  relay.o(i.relay_init)
    sqrt                                     0x080084d5   Thumb Code    76  sqrt.o(i.sqrt)
    xihe                                     0x08008521   Thumb Code   392  relay.o(i.xihe)
    _get_lc_numeric                          0x080086b9   Thumb Code    44  lc_numeric_c.o(locale$$code)
    _get_lc_ctype                            0x080086e5   Thumb Code    44  lc_ctype_c.o(locale$$code)
    __aeabi_d2f                              0x08008711   Thumb Code     0  d2f.o(x$fpl$d2f)
    _d2f                                     0x08008711   Thumb Code    98  d2f.o(x$fpl$d2f)
    __aeabi_dadd                             0x08008775   Thumb Code     0  daddsub_clz.o(x$fpl$dadd)
    _dadd                                    0x08008775   Thumb Code   332  daddsub_clz.o(x$fpl$dadd)
    __fpl_dcmp_Inf                           0x080088c5   Thumb Code    24  dcmpi.o(x$fpl$dcmpinf)
    __aeabi_ddiv                             0x080088dd   Thumb Code     0  ddiv.o(x$fpl$ddiv)
    _ddiv                                    0x080088dd   Thumb Code   552  ddiv.o(x$fpl$ddiv)
    __aeabi_d2uiz                            0x08008b8d   Thumb Code     0  dfixu.o(x$fpl$dfixu)
    _dfixu                                   0x08008b8d   Thumb Code    90  dfixu.o(x$fpl$dfixu)
    __aeabi_i2d                              0x08008be7   Thumb Code     0  dflt_clz.o(x$fpl$dflt)
    _dflt                                    0x08008be7   Thumb Code    46  dflt_clz.o(x$fpl$dflt)
    __aeabi_ui2d                             0x08008c15   Thumb Code     0  dflt_clz.o(x$fpl$dfltu)
    _dfltu                                   0x08008c15   Thumb Code    38  dflt_clz.o(x$fpl$dfltu)
    __aeabi_cdcmple                          0x08008c3d   Thumb Code     0  dleqf.o(x$fpl$dleqf)
    _dcmple                                  0x08008c3d   Thumb Code   120  dleqf.o(x$fpl$dleqf)
    __fpl_dcmple_InfNaN                      0x08008c9f   Thumb Code     0  dleqf.o(x$fpl$dleqf)
    __aeabi_dmul                             0x08008cb5   Thumb Code     0  dmul.o(x$fpl$dmul)
    _dmul                                    0x08008cb5   Thumb Code   332  dmul.o(x$fpl$dmul)
    __fpl_dnaninf                            0x08008e09   Thumb Code   156  dnaninf.o(x$fpl$dnaninf)
    __fpl_dretinf                            0x08008ea5   Thumb Code    12  dretinf.o(x$fpl$dretinf)
    __aeabi_cdrcmple                         0x08008eb1   Thumb Code     0  drleqf.o(x$fpl$drleqf)
    _drcmple                                 0x08008eb1   Thumb Code   108  drleqf.o(x$fpl$drleqf)
    __aeabi_drsub                            0x08008f1d   Thumb Code     0  daddsub_clz.o(x$fpl$drsb)
    _drsb                                    0x08008f1d   Thumb Code    22  daddsub_clz.o(x$fpl$drsb)
    _dsqrt                                   0x08008f35   Thumb Code   456  dsqrt_noumaal.o(x$fpl$dsqrt)
    __aeabi_dsub                             0x08009101   Thumb Code     0  daddsub_clz.o(x$fpl$dsub)
    _dsub                                    0x08009101   Thumb Code   464  daddsub_clz.o(x$fpl$dsub)
    __aeabi_f2d                              0x080092d5   Thumb Code     0  f2d.o(x$fpl$f2d)
    _f2d                                     0x080092d5   Thumb Code    86  f2d.o(x$fpl$f2d)
    __aeabi_fadd                             0x0800932d   Thumb Code     0  faddsub_clz.o(x$fpl$fadd)
    _fadd                                    0x0800932d   Thumb Code   196  faddsub_clz.o(x$fpl$fadd)
    __aeabi_fdiv                             0x080093f1   Thumb Code     0  fdiv.o(x$fpl$fdiv)
    _fdiv                                    0x080093f1   Thumb Code   384  fdiv.o(x$fpl$fdiv)
    __aeabi_f2iz                             0x08009575   Thumb Code     0  ffix.o(x$fpl$ffix)
    _ffix                                    0x08009575   Thumb Code    54  ffix.o(x$fpl$ffix)
    __aeabi_f2uiz                            0x080095ad   Thumb Code     0  ffixu.o(x$fpl$ffixu)
    _ffixu                                   0x080095ad   Thumb Code    62  ffixu.o(x$fpl$ffixu)
    __aeabi_i2f                              0x080095ed   Thumb Code     0  fflt_clz.o(x$fpl$fflt)
    _fflt                                    0x080095ed   Thumb Code    48  fflt_clz.o(x$fpl$fflt)
    __aeabi_ui2f                             0x0800961d   Thumb Code     0  fflt_clz.o(x$fpl$ffltu)
    _ffltu                                   0x0800961d   Thumb Code    38  fflt_clz.o(x$fpl$ffltu)
    __aeabi_fmul                             0x08009645   Thumb Code     0  fmul.o(x$fpl$fmul)
    _fmul                                    0x08009645   Thumb Code   258  fmul.o(x$fpl$fmul)
    __fpl_fnaninf                            0x08009747   Thumb Code   140  fnaninf.o(x$fpl$fnaninf)
    __fpl_fretinf                            0x080097d3   Thumb Code    10  fretinf.o(x$fpl$fretinf)
    __aeabi_fsub                             0x080097dd   Thumb Code     0  faddsub_clz.o(x$fpl$fsub)
    _fsub                                    0x080097dd   Thumb Code   234  faddsub_clz.o(x$fpl$fsub)
    _printf_fp_dec                           0x080098c7   Thumb Code     4  printf1.o(x$fpl$printf1)
    __I$use$fp                               0x080098ca   Number         0  usenofp.o(x$fpl$usenofp)
    asc2_1608                                0x080098ca   Data       24320  lcd.o(.constdata)
    Hz_48x48                                 0x0800f7ca   Data        2880  lcd.o(.constdata)
    HANZI64x32                               0x0801030a   Data        2560  lcd.o(.constdata)
    Hz48x48                                  0x08010d0a   Data        2304  lcd.o(.constdata)
    GT9147_CFG_TBL                           0x0801160a   Data         184  gt9147.o(.constdata)
    GT9147_TPX_TBL                           0x080116c2   Data          10  gt9147.o(.constdata)
    OTT_TPX_TBL                              0x080116cc   Data          10  ott2001a.o(.constdata)
    Region$$Table$$Base                      0x0801182c   Number         0  anon$$obj.o(Region$$Table)
    Region$$Table$$Limit                     0x0801184c   Number         0  anon$$obj.o(Region$$Table)
    __ctype                                  0x08011875   Data           0  lc_ctype_c.o(locale$$data)
    SystemCoreClock                          0x20000000   Data           4  system_stm32f10x.o(.data)
    AHBPrescTable                            0x20000004   Data          16  system_stm32f10x.o(.data)
    POINT_COLOR                              0x20000018   Data           2  lcd.o(.data)
    BACK_COLOR                               0x2000001a   Data           2  lcd.o(.data)
    tp_dev                                   0x20000020   Data          36  touch.o(.data)
    CMD_RDX                                  0x20000044   Data           1  touch.o(.data)
    CMD_RDY                                  0x20000045   Data           1  touch.o(.data)
    TP_REMIND_MSG_TBL                        0x20000048   Data           4  touch.o(.data)
    count                                    0x2000004c   Data           4  hwtimer.o(.data)
    value                                    0x20000050   Data           4  hwtimer.o(.data)
    test_flag                                0x20000054   Data           1  hwtimer.o(.data)
    lcddev                                   0x20000058   Data          14  lcd.o(.bss)
    __libspace_start                         0x20000068   Data          96  libspace.o(.bss)
    __temporary_stack_top$libspace           0x200000c8   Data           0  libspace.o(.bss)



==============================================================================

Memory Map of the image

  Image Entry point : 0x08000279

  Load Region LR_1 (Base: 0x08000000, Size: 0x000119d0, Max: 0xffffffff, ABSOLUTE)

    Execution Region ER_RO (Base: 0x08000000, Size: 0x00011978, Max: 0xffffffff, ABSOLUTE)

    Base Addr    Size         Type   Attr      Idx    E Section Name        Object

    0x08000000   0x00000130   Data   RO          326    RESET               startup_stm32f10x_hd.o
    0x08000130   0x00000008   Code   RO         4023  * !!!main             c_w.l(__main.o)
    0x08000138   0x00000034   Code   RO         4415    !!!scatter          c_w.l(__scatter.o)
    0x0800016c   0x0000001a   Code   RO         4417    !!handler_copy      c_w.l(__scatter_copy.o)
    0x08000186   0x00000002   PAD
    0x08000188   0x0000001c   Code   RO         4419    !!handler_zi        c_w.l(__scatter_zi.o)
    0x080001a4   0x00000000   Code   RO         4173    .ARM.Collect$$_printf_percent$$00000000  c_w.l(_printf_percent.o)
    0x080001a4   0x00000006   Code   RO         4162    .ARM.Collect$$_printf_percent$$00000001  c_w.l(_printf_n.o)
    0x080001aa   0x00000006   Code   RO         4164    .ARM.Collect$$_printf_percent$$00000002  c_w.l(_printf_p.o)
    0x080001b0   0x00000006   Code   RO         4169    .ARM.Collect$$_printf_percent$$00000003  c_w.l(_printf_f.o)
    0x080001b6   0x00000006   Code   RO         4170    .ARM.Collect$$_printf_percent$$00000004  c_w.l(_printf_e.o)
    0x080001bc   0x00000006   Code   RO         4171    .ARM.Collect$$_printf_percent$$00000005  c_w.l(_printf_g.o)
    0x080001c2   0x00000006   Code   RO         4172    .ARM.Collect$$_printf_percent$$00000006  c_w.l(_printf_a.o)
    0x080001c8   0x0000000a   Code   RO         4177    .ARM.Collect$$_printf_percent$$00000007  c_w.l(_printf_ll.o)
    0x080001d2   0x00000006   Code   RO         4166    .ARM.Collect$$_printf_percent$$00000008  c_w.l(_printf_i.o)
    0x080001d8   0x00000006   Code   RO         4167    .ARM.Collect$$_printf_percent$$00000009  c_w.l(_printf_d.o)
    0x080001de   0x00000006   Code   RO         4168    .ARM.Collect$$_printf_percent$$0000000A  c_w.l(_printf_u.o)
    0x080001e4   0x00000006   Code   RO         4165    .ARM.Collect$$_printf_percent$$0000000B  c_w.l(_printf_o.o)
    0x080001ea   0x00000006   Code   RO         4163    .ARM.Collect$$_printf_percent$$0000000C  c_w.l(_printf_x.o)
    0x080001f0   0x00000006   Code   RO         4174    .ARM.Collect$$_printf_percent$$0000000D  c_w.l(_printf_lli.o)
    0x080001f6   0x00000006   Code   RO         4175    .ARM.Collect$$_printf_percent$$0000000E  c_w.l(_printf_lld.o)
    0x080001fc   0x00000006   Code   RO         4176    .ARM.Collect$$_printf_percent$$0000000F  c_w.l(_printf_llu.o)
    0x08000202   0x00000006   Code   RO         4181    .ARM.Collect$$_printf_percent$$00000010  c_w.l(_printf_llo.o)
    0x08000208   0x00000006   Code   RO         4182    .ARM.Collect$$_printf_percent$$00000011  c_w.l(_printf_llx.o)
    0x0800020e   0x0000000a   Code   RO         4178    .ARM.Collect$$_printf_percent$$00000012  c_w.l(_printf_l.o)
    0x08000218   0x00000006   Code   RO         4160    .ARM.Collect$$_printf_percent$$00000013  c_w.l(_printf_c.o)
    0x0800021e   0x00000006   Code   RO         4161    .ARM.Collect$$_printf_percent$$00000014  c_w.l(_printf_s.o)
    0x08000224   0x00000006   Code   RO         4179    .ARM.Collect$$_printf_percent$$00000015  c_w.l(_printf_lc.o)
    0x0800022a   0x00000006   Code   RO         4180    .ARM.Collect$$_printf_percent$$00000016  c_w.l(_printf_ls.o)
    0x08000230   0x00000004   Code   RO         4230    .ARM.Collect$$_printf_percent$$00000017  c_w.l(_printf_percent_end.o)
    0x08000234   0x00000002   Code   RO         4282    .ARM.Collect$$libinit$$00000000  c_w.l(libinit.o)
    0x08000236   0x00000000   Code   RO         4293    .ARM.Collect$$libinit$$00000002  c_w.l(libinit2.o)
    0x08000236   0x00000000   Code   RO         4295    .ARM.Collect$$libinit$$00000004  c_w.l(libinit2.o)
    0x08000236   0x00000000   Code   RO         4298    .ARM.Collect$$libinit$$0000000A  c_w.l(libinit2.o)
    0x08000236   0x00000000   Code   RO         4300    .ARM.Collect$$libinit$$0000000C  c_w.l(libinit2.o)
    0x08000236   0x00000000   Code   RO         4302    .ARM.Collect$$libinit$$0000000E  c_w.l(libinit2.o)
    0x08000236   0x00000006   Code   RO         4303    .ARM.Collect$$libinit$$0000000F  c_w.l(libinit2.o)
    0x0800023c   0x00000000   Code   RO         4305    .ARM.Collect$$libinit$$00000011  c_w.l(libinit2.o)
    0x0800023c   0x0000000c   Code   RO         4306    .ARM.Collect$$libinit$$00000012  c_w.l(libinit2.o)
    0x08000248   0x00000000   Code   RO         4307    .ARM.Collect$$libinit$$00000013  c_w.l(libinit2.o)
    0x08000248   0x00000000   Code   RO         4309    .ARM.Collect$$libinit$$00000015  c_w.l(libinit2.o)
    0x08000248   0x0000000a   Code   RO         4310    .ARM.Collect$$libinit$$00000016  c_w.l(libinit2.o)
    0x08000252   0x00000000   Code   RO         4311    .ARM.Collect$$libinit$$00000017  c_w.l(libinit2.o)
    0x08000252   0x00000000   Code   RO         4313    .ARM.Collect$$libinit$$00000019  c_w.l(libinit2.o)
    0x08000252   0x00000000   Code   RO         4315    .ARM.Collect$$libinit$$0000001B  c_w.l(libinit2.o)
    0x08000252   0x00000000   Code   RO         4317    .ARM.Collect$$libinit$$0000001D  c_w.l(libinit2.o)
    0x08000252   0x00000000   Code   RO         4319    .ARM.Collect$$libinit$$0000001F  c_w.l(libinit2.o)
    0x08000252   0x00000000   Code   RO         4321    .ARM.Collect$$libinit$$00000021  c_w.l(libinit2.o)
    0x08000252   0x00000000   Code   RO         4323    .ARM.Collect$$libinit$$00000023  c_w.l(libinit2.o)
    0x08000252   0x00000000   Code   RO         4325    .ARM.Collect$$libinit$$00000025  c_w.l(libinit2.o)
    0x08000252   0x00000000   Code   RO         4329    .ARM.Collect$$libinit$$0000002C  c_w.l(libinit2.o)
    0x08000252   0x00000000   Code   RO         4331    .ARM.Collect$$libinit$$0000002E  c_w.l(libinit2.o)
    0x08000252   0x00000000   Code   RO         4333    .ARM.Collect$$libinit$$00000030  c_w.l(libinit2.o)
    0x08000252   0x00000000   Code   RO         4335    .ARM.Collect$$libinit$$00000032  c_w.l(libinit2.o)
    0x08000252   0x00000002   Code   RO         4336    .ARM.Collect$$libinit$$00000033  c_w.l(libinit2.o)
    0x08000254   0x00000002   Code   RO         4356    .ARM.Collect$$libshutdown$$00000000  c_w.l(libshutdown.o)
    0x08000256   0x00000000   Code   RO         4370    .ARM.Collect$$libshutdown$$00000003  c_w.l(libshutdown2.o)
    0x08000256   0x00000000   Code   RO         4373    .ARM.Collect$$libshutdown$$00000006  c_w.l(libshutdown2.o)
    0x08000256   0x00000000   Code   RO         4376    .ARM.Collect$$libshutdown$$00000009  c_w.l(libshutdown2.o)
    0x08000256   0x00000000   Code   RO         4378    .ARM.Collect$$libshutdown$$0000000B  c_w.l(libshutdown2.o)
    0x08000256   0x00000000   Code   RO         4381    .ARM.Collect$$libshutdown$$0000000E  c_w.l(libshutdown2.o)
    0x08000256   0x00000002   Code   RO         4382    .ARM.Collect$$libshutdown$$0000000F  c_w.l(libshutdown2.o)
    0x08000258   0x00000000   Code   RO         4089    .ARM.Collect$$rtentry$$00000000  c_w.l(__rtentry.o)
    0x08000258   0x00000000   Code   RO         4199    .ARM.Collect$$rtentry$$00000002  c_w.l(__rtentry2.o)
    0x08000258   0x00000006   Code   RO         4211    .ARM.Collect$$rtentry$$00000004  c_w.l(__rtentry4.o)
    0x0800025e   0x00000000   Code   RO         4201    .ARM.Collect$$rtentry$$00000009  c_w.l(__rtentry2.o)
    0x0800025e   0x00000004   Code   RO         4202    .ARM.Collect$$rtentry$$0000000A  c_w.l(__rtentry2.o)
    0x08000262   0x00000000   Code   RO         4204    .ARM.Collect$$rtentry$$0000000C  c_w.l(__rtentry2.o)
    0x08000262   0x00000008   Code   RO         4205    .ARM.Collect$$rtentry$$0000000D  c_w.l(__rtentry2.o)
    0x0800026a   0x00000002   Code   RO         4287    .ARM.Collect$$rtexit$$00000000  c_w.l(rtexit.o)
    0x0800026c   0x00000000   Code   RO         4338    .ARM.Collect$$rtexit$$00000002  c_w.l(rtexit2.o)
    0x0800026c   0x00000004   Code   RO         4339    .ARM.Collect$$rtexit$$00000003  c_w.l(rtexit2.o)
    0x08000270   0x00000006   Code   RO         4340    .ARM.Collect$$rtexit$$00000004  c_w.l(rtexit2.o)
    0x08000276   0x00000002   PAD
    0x08000278   0x00000040   Code   RO          327  * .text               startup_stm32f10x_hd.o
    0x080002b8   0x00000024   Code   RO         4017    .text               c_w.l(c89vsprintf.o)
    0x080002dc   0x00000080   Code   RO         4019    .text               c_w.l(strcmpv7m.o)
    0x0800035c   0x00000006   Code   RO         4021    .text               c_w.l(heapauxi.o)
    0x08000362   0x00000016   Code   RO         4090    .text               c_w.l(_rserrno.o)
    0x08000378   0x0000004e   Code   RO         4094    .text               c_w.l(_printf_pad.o)
    0x080003c6   0x00000024   Code   RO         4096    .text               c_w.l(_printf_truncate.o)
    0x080003ea   0x00000052   Code   RO         4098    .text               c_w.l(_printf_str.o)
    0x0800043c   0x00000078   Code   RO         4100    .text               c_w.l(_printf_dec.o)
    0x080004b4   0x00000028   Code   RO         4102    .text               c_w.l(_printf_charcount.o)
    0x080004dc   0x00000030   Code   RO         4104    .text               c_w.l(_printf_char_common.o)
    0x0800050c   0x0000000a   Code   RO         4106    .text               c_w.l(_sputc.o)
    0x08000516   0x00000002   PAD
    0x08000518   0x000000bc   Code   RO         4108    .text               c_w.l(_printf_wctomb.o)
    0x080005d4   0x0000007c   Code   RO         4111    .text               c_w.l(_printf_longlong_dec.o)
    0x08000650   0x00000070   Code   RO         4117    .text               c_w.l(_printf_oct_int_ll.o)
    0x080006c0   0x00000094   Code   RO         4137    .text               c_w.l(_printf_hex_int_ll_ptr.o)
    0x08000754   0x00000188   Code   RO         4157    .text               c_w.l(__printf_flags_ss_wp.o)
    0x080008dc   0x00000008   Code   RO         4216    .text               c_w.l(rt_errno_addr_intlibspace.o)
    0x080008e4   0x0000008a   Code   RO         4218    .text               c_w.l(lludiv10.o)
    0x0800096e   0x000000b2   Code   RO         4220    .text               c_w.l(_printf_intcommon.o)
    0x08000a20   0x0000041a   Code   RO         4222    .text               c_w.l(_printf_fp_dec.o)
    0x08000e3a   0x0000002c   Code   RO         4226    .text               c_w.l(_printf_char.o)
    0x08000e66   0x0000002c   Code   RO         4228    .text               c_w.l(_printf_wchar.o)
    0x08000e92   0x00000040   Code   RO         4231    .text               c_w.l(_wcrtomb.o)
    0x08000ed2   0x00000002   PAD
    0x08000ed4   0x00000008   Code   RO         4233    .text               c_w.l(libspace.o)
    0x08000edc   0x0000004a   Code   RO         4236    .text               c_w.l(sys_stackheap_outer.o)
    0x08000f26   0x00000002   PAD
    0x08000f28   0x00000010   Code   RO         4238    .text               c_w.l(rt_ctype_table.o)
    0x08000f38   0x00000008   Code   RO         4243    .text               c_w.l(rt_locale_intlibspace.o)
    0x08000f40   0x00000080   Code   RO         4245    .text               c_w.l(_printf_fp_infnan.o)
    0x08000fc0   0x000000dc   Code   RO         4247    .text               c_w.l(bigflt0.o)
    0x0800109c   0x0000000c   Code   RO         4275    .text               c_w.l(exit.o)
    0x080010a8   0x0000000c   Code   RO         4348    .text               c_w.l(sys_exit.o)
    0x080010b4   0x00000002   Code   RO         4359    .text               c_w.l(use_no_semi.o)
    0x080010b6   0x00000000   Code   RO         4361    .text               c_w.l(indicate_semi.o)
    0x080010b6   0x0000003e   Code   RO         4250    CL$$btod_d2e        c_w.l(btod.o)
    0x080010f4   0x00000046   Code   RO         4252    CL$$btod_d2e_denorm_low  c_w.l(btod.o)
    0x0800113a   0x00000060   Code   RO         4251    CL$$btod_d2e_norm_op1  c_w.l(btod.o)
    0x0800119a   0x00000338   Code   RO         4260    CL$$btod_div_common  c_w.l(btod.o)
    0x080014d2   0x000000c6   Code   RO         4257    CL$$btod_e2e        c_w.l(btod.o)
    0x08001598   0x00000028   Code   RO         4254    CL$$btod_ediv       c_w.l(btod.o)
    0x080015c0   0x00000028   Code   RO         4253    CL$$btod_emul       c_w.l(btod.o)
    0x080015e8   0x00000244   Code   RO         4259    CL$$btod_mult_common  c_w.l(btod.o)
    0x0800182c   0x00000016   Code   RO          373    i.ADC_Cmd           stm32f10x_adc.o
    0x08001842   0x00000002   PAD
    0x08001844   0x0000005c   Code   RO          375    i.ADC_DeInit        stm32f10x_adc.o
    0x080018a0   0x00000014   Code   RO          381    i.ADC_GetCalibrationStatus  stm32f10x_adc.o
    0x080018b4   0x00000008   Code   RO          382    i.ADC_GetConversionValue  stm32f10x_adc.o
    0x080018bc   0x00000012   Code   RO          384    i.ADC_GetFlagStatus  stm32f10x_adc.o
    0x080018ce   0x00000014   Code   RO          387    i.ADC_GetResetCalibrationStatus  stm32f10x_adc.o
    0x080018e2   0x00000002   PAD
    0x080018e4   0x00000050   Code   RO          391    i.ADC_Init          stm32f10x_adc.o
    0x08001934   0x000000b8   Code   RO          395    i.ADC_RegularChannelConfig  stm32f10x_adc.o
    0x080019ec   0x0000000a   Code   RO          396    i.ADC_ResetCalibration  stm32f10x_adc.o
    0x080019f6   0x00000016   Code   RO          398    i.ADC_SoftwareStartConvCmd  stm32f10x_adc.o
    0x08001a0c   0x0000000a   Code   RO          400    i.ADC_StartCalibration  stm32f10x_adc.o
    0x08001a16   0x00000002   PAD
    0x08001a18   0x00000060   Code   RO         3298    i.AD_con            adc.o
    0x08001a78   0x00000008   Code   RO         3907    i.AT24CXX_Init      24cxx.o
    0x08001a80   0x0000002c   Code   RO         3909    i.AT24CXX_ReadLenByte  24cxx.o
    0x08001aac   0x00000058   Code   RO         3910    i.AT24CXX_ReadOneByte  24cxx.o
    0x08001b04   0x0000002a   Code   RO         3912    i.AT24CXX_WriteLenByte  24cxx.o
    0x08001b2e   0x00000050   Code   RO         3913    i.AT24CXX_WriteOneByte  24cxx.o
    0x08001b7e   0x00000002   PAD
    0x08001b80   0x0000008c   Code   RO         3299    i.Adc_Init          adc.o
    0x08001c0c   0x00000004   Code   RO          136    i.BusFault_Handler  stm32f10x_it.o
    0x08001c10   0x0000000a   Code   RO         3553    i.CT_Delay          ctiic.o
    0x08001c1a   0x00000002   PAD
    0x08001c1c   0x00000050   Code   RO         3554    i.CT_IIC_Ack        ctiic.o
    0x08001c6c   0x00000050   Code   RO         3555    i.CT_IIC_Init       ctiic.o
    0x08001cbc   0x00000050   Code   RO         3556    i.CT_IIC_NAck       ctiic.o
    0x08001d0c   0x0000006c   Code   RO         3557    i.CT_IIC_Read_Byte  ctiic.o
    0x08001d78   0x00000060   Code   RO         3558    i.CT_IIC_Send_Byte  ctiic.o
    0x08001dd8   0x00000048   Code   RO         3559    i.CT_IIC_Start      ctiic.o
    0x08001e20   0x0000004c   Code   RO         3560    i.CT_IIC_Stop       ctiic.o
    0x08001e6c   0x00000064   Code   RO         3561    i.CT_IIC_Wait_Ack   ctiic.o
    0x08001ed0   0x00000002   Code   RO          137    i.DebugMon_Handler  stm32f10x_it.o
    0x08001ed2   0x00000098   Code   RO         3328    i.Draw_Circle       lcd.o
    0x08001f6a   0x00000002   PAD
    0x08001f6c   0x00000034   Code   RO         1367    i.FSMC_NORSRAMCmd   stm32f10x_fsmc.o
    0x08001fa0   0x000000e6   Code   RO         1369    i.FSMC_NORSRAMInit  stm32f10x_fsmc.o
    0x08002086   0x00000116   Code   RO         1482    i.GPIO_Init         stm32f10x_gpio.o
    0x0800219c   0x00000004   Code   RO         1489    i.GPIO_ResetBits    stm32f10x_gpio.o
    0x080021a0   0x00000004   Code   RO         1490    i.GPIO_SetBits      stm32f10x_gpio.o
    0x080021a4   0x00000104   Code   RO         3616    i.GT9147_Init       gt9147.o
    0x080022a8   0x00000062   Code   RO         3617    i.GT9147_RD_Reg     gt9147.o
    0x0800230a   0x00000002   PAD
    0x0800230c   0x00000198   Code   RO         3618    i.GT9147_Scan       gt9147.o
    0x080024a4   0x0000005c   Code   RO         3619    i.GT9147_Send_Cfg   gt9147.o
    0x08002500   0x0000005c   Code   RO         3620    i.GT9147_WR_Reg     gt9147.o
    0x0800255c   0x00000034   Code   RO         3300    i.Get_Adc           adc.o
    0x08002590   0x0000002a   Code   RO         3301    i.Get_Adc_Average   adc.o
    0x080025ba   0x00000004   Code   RO          138    i.HardFault_Handler  stm32f10x_it.o
    0x080025be   0x00000002   PAD
    0x080025c0   0x00000050   Code   RO         3852    i.IIC_Ack           myiic.o
    0x08002610   0x0000004c   Code   RO         3853    i.IIC_Init          myiic.o
    0x0800265c   0x00000050   Code   RO         3854    i.IIC_NAck          myiic.o
    0x080026ac   0x00000070   Code   RO         3855    i.IIC_Read_Byte     myiic.o
    0x0800271c   0x00000068   Code   RO         3856    i.IIC_Send_Byte     myiic.o
    0x08002784   0x0000004c   Code   RO         3857    i.IIC_Start         myiic.o
    0x080027d0   0x0000004c   Code   RO         3858    i.IIC_Stop          myiic.o
    0x0800281c   0x00000064   Code   RO         3859    i.IIC_Wait_Ack      myiic.o
    0x08002880   0x0000006c   Code   RO         3330    i.LCD_Clear         lcd.o
    0x080028ec   0x000001a8   Code   RO         3334    i.LCD_Display_Dir   lcd.o
    0x08002a94   0x000000b0   Code   RO         3335    i.LCD_DrawLine      lcd.o
    0x08002b44   0x00000024   Code   RO         3336    i.LCD_DrawPoint     lcd.o
    0x08002b68   0x000036fc   Code   RO         3340    i.LCD_Init          lcd.o
    0x08006264   0x00000016   Code   RO         3341    i.LCD_Pow           lcd.o
    0x0800627a   0x00000002   PAD
    0x0800627c   0x0000000c   Code   RO         3342    i.LCD_RD_DATA       lcd.o
    0x08006288   0x00000016   Code   RO         3344    i.LCD_ReadReg       lcd.o
    0x0800629e   0x00000002   PAD
    0x080062a0   0x000002c8   Code   RO         3345    i.LCD_Scan_Dir      lcd.o
    0x08006568   0x0000010c   Code   RO         3346    i.LCD_SetCursor     lcd.o
    0x08006674   0x0000015c   Code   RO         3348    i.LCD_ShowChar      lcd.o
    0x080067d0   0x00000130   Code   RO         3349    i.LCD_ShowHz_48     lcd.o
    0x08006900   0x00000094   Code   RO         3350    i.LCD_ShowNum       lcd.o
    0x08006994   0x00000066   Code   RO         3351    i.LCD_ShowString    lcd.o
    0x080069fa   0x00000002   PAD
    0x080069fc   0x0000000c   Code   RO         3353    i.LCD_WR_DATA       lcd.o
    0x08006a08   0x0000000c   Code   RO         3354    i.LCD_WR_REG        lcd.o
    0x08006a14   0x00000014   Code   RO         3356    i.LCD_WriteRAM_Prepare  lcd.o
    0x08006a28   0x00000010   Code   RO         3357    i.LCD_WriteReg      lcd.o
    0x08006a38   0x00000076   Code   RO         3358    i.LCD_printf        lcd.o
    0x08006aae   0x00000004   Code   RO          139    i.MemManage_Handler  stm32f10x_it.o
    0x08006ab2   0x00000002   Code   RO          140    i.NMI_Handler       stm32f10x_it.o
    0x08006ab4   0x0000009c   Code   RO         3671    i.OTT2001A_Init     ott2001a.o
    0x08006b50   0x00000062   Code   RO         3672    i.OTT2001A_RD_Reg   ott2001a.o
    0x08006bb2   0x00000002   PAD
    0x08006bb4   0x000001d0   Code   RO         3673    i.OTT2001A_Scan     ott2001a.o
    0x08006d84   0x0000001c   Code   RO         3674    i.OTT2001A_SensorControl  ott2001a.o
    0x08006da0   0x0000005c   Code   RO         3675    i.OTT2001A_WR_Reg   ott2001a.o
    0x08006dfc   0x00000002   Code   RO          141    i.PendSV_Handler    stm32f10x_it.o
    0x08006dfe   0x00000002   PAD
    0x08006e00   0x00000018   Code   RO         1896    i.RCC_ADCCLKConfig  stm32f10x_rcc.o
    0x08006e18   0x00000020   Code   RO         1897    i.RCC_AHBPeriphClockCmd  stm32f10x_rcc.o
    0x08006e38   0x00000020   Code   RO         1900    i.RCC_APB2PeriphClockCmd  stm32f10x_rcc.o
    0x08006e58   0x00000020   Code   RO         1901    i.RCC_APB2PeriphResetCmd  stm32f10x_rcc.o
    0x08006e78   0x00000002   Code   RO          142    i.SVC_Handler       stm32f10x_it.o
    0x08006e7a   0x00000008   Code   RO          199    i.SetSysClock       system_stm32f10x.o
    0x08006e82   0x00000002   PAD
    0x08006e84   0x000000e0   Code   RO          200    i.SetSysClockTo72   system_stm32f10x.o
    0x08006f64   0x00000028   Code   RO          335    i.SysTick_CLKSourceConfig  misc.o
    0x08006f8c   0x00000002   Code   RO          143    i.SysTick_Handler   stm32f10x_it.o
    0x08006f8e   0x00000002   PAD
    0x08006f90   0x00000060   Code   RO          202    i.SystemInit        system_stm32f10x.o
    0x08006ff0   0x000000b0   Code   RO         3984    i.TIM3_IRQHandler   hwtimer.o
    0x080070a0   0x00000006   Code   RO         2527    i.TIM_ClearITPendingBit  stm32f10x_tim.o
    0x080070a6   0x00000022   Code   RO         2553    i.TIM_GetITStatus   stm32f10x_tim.o
    0x080070c8   0x000001a8   Code   RO         3712    i.TP_Adj_Info_Show  touch.o
    0x08007270   0x0000084c   Code   RO         3713    i.TP_Adjust         touch.o
    0x08007abc   0x00000070   Code   RO         3715    i.TP_Drow_Touch_Point  touch.o
    0x08007b2c   0x000000a8   Code   RO         3716    i.TP_Get_Adjdata    touch.o
    0x08007bd4   0x000000f4   Code   RO         3717    i.TP_Init           touch.o
    0x08007cc8   0x0000008c   Code   RO         3718    i.TP_Read_AD        touch.o
    0x08007d54   0x00000078   Code   RO         3719    i.TP_Read_XOY       touch.o
    0x08007dcc   0x00000030   Code   RO         3720    i.TP_Read_XY        touch.o
    0x08007dfc   0x000000c0   Code   RO         3721    i.TP_Read_XY2       touch.o
    0x08007ebc   0x00000078   Code   RO         3722    i.TP_Save_Adjdata   touch.o
    0x08007f34   0x00000100   Code   RO         3723    i.TP_Scan           touch.o
    0x08008034   0x00000044   Code   RO         3724    i.TP_Write_Byte     touch.o
    0x08008078   0x00000004   Code   RO          144    i.UsageFault_Handler  stm32f10x_it.o
    0x0800807c   0x00000028   Code   RO         4285    i.__ARM_fpclassify  m_ws.l(fpclassify.o)
    0x080080a4   0x0000000e   Code   RO         4150    i._is_digit         c_w.l(__printf_wp.o)
    0x080080b2   0x00000002   PAD
    0x080080b4   0x00000044   Code   RO          233    i.delay_init        delay.o
    0x080080f8   0x0000004c   Code   RO          234    i.delay_ms          delay.o
    0x08008144   0x0000004c   Code   RO          235    i.delay_us          delay.o
    0x08008190   0x00000198   Code   RO         3960    i.duankai           relay.o
    0x08008328   0x00000040   Code   RO            1    i.hardware_init     main.o
    0x08008368   0x000000b8   Code   RO            2    i.main              main.o
    0x08008420   0x000000b4   Code   RO         3961    i.relay_init        relay.o
    0x080084d4   0x0000004c   Code   RO         4082    i.sqrt              m_ws.l(sqrt.o)
    0x08008520   0x00000198   Code   RO         3962    i.xihe              relay.o
    0x080086b8   0x0000002c   Code   RO         4273    locale$$code        c_w.l(lc_numeric_c.o)
    0x080086e4   0x0000002c   Code   RO         4290    locale$$code        c_w.l(lc_ctype_c.o)
    0x08008710   0x00000062   Code   RO         4025    x$fpl$d2f           fz_ws.l(d2f.o)
    0x08008772   0x00000002   PAD
    0x08008774   0x00000150   Code   RO         4027    x$fpl$dadd          fz_ws.l(daddsub_clz.o)
    0x080088c4   0x00000018   Code   RO         4183    x$fpl$dcmpinf       fz_ws.l(dcmpi.o)
    0x080088dc   0x000002b0   Code   RO         4034    x$fpl$ddiv          fz_ws.l(ddiv.o)
    0x08008b8c   0x0000005a   Code   RO         4037    x$fpl$dfixu         fz_ws.l(dfixu.o)
    0x08008be6   0x0000002e   Code   RO         4042    x$fpl$dflt          fz_ws.l(dflt_clz.o)
    0x08008c14   0x00000026   Code   RO         4041    x$fpl$dfltu         fz_ws.l(dflt_clz.o)
    0x08008c3a   0x00000002   PAD
    0x08008c3c   0x00000078   Code   RO         4047    x$fpl$dleqf         fz_ws.l(dleqf.o)
    0x08008cb4   0x00000154   Code   RO         4049    x$fpl$dmul          fz_ws.l(dmul.o)
    0x08008e08   0x0000009c   Code   RO         4185    x$fpl$dnaninf       fz_ws.l(dnaninf.o)
    0x08008ea4   0x0000000c   Code   RO         4187    x$fpl$dretinf       fz_ws.l(dretinf.o)
    0x08008eb0   0x0000006c   Code   RO         4051    x$fpl$drleqf        fz_ws.l(drleqf.o)
    0x08008f1c   0x00000016   Code   RO         4028    x$fpl$drsb          fz_ws.l(daddsub_clz.o)
    0x08008f32   0x00000002   PAD
    0x08008f34   0x000001cc   Code   RO         4189    x$fpl$dsqrt         fz_ws.l(dsqrt_noumaal.o)
    0x08009100   0x000001d4   Code   RO         4029    x$fpl$dsub          fz_ws.l(daddsub_clz.o)
    0x080092d4   0x00000056   Code   RO         4053    x$fpl$f2d           fz_ws.l(f2d.o)
    0x0800932a   0x00000002   PAD
    0x0800932c   0x000000c4   Code   RO         4055    x$fpl$fadd          fz_ws.l(faddsub_clz.o)
    0x080093f0   0x00000184   Code   RO         4062    x$fpl$fdiv          fz_ws.l(fdiv.o)
    0x08009574   0x00000036   Code   RO         4065    x$fpl$ffix          fz_ws.l(ffix.o)
    0x080095aa   0x00000002   PAD
    0x080095ac   0x0000003e   Code   RO         4069    x$fpl$ffixu         fz_ws.l(ffixu.o)
    0x080095ea   0x00000002   PAD
    0x080095ec   0x00000030   Code   RO         4074    x$fpl$fflt          fz_ws.l(fflt_clz.o)
    0x0800961c   0x00000026   Code   RO         4073    x$fpl$ffltu         fz_ws.l(fflt_clz.o)
    0x08009642   0x00000002   PAD
    0x08009644   0x00000102   Code   RO         4079    x$fpl$fmul          fz_ws.l(fmul.o)
    0x08009746   0x0000008c   Code   RO         4191    x$fpl$fnaninf       fz_ws.l(fnaninf.o)
    0x080097d2   0x0000000a   Code   RO         4193    x$fpl$fretinf       fz_ws.l(fretinf.o)
    0x080097dc   0x000000ea   Code   RO         4057    x$fpl$fsub          fz_ws.l(faddsub_clz.o)
    0x080098c6   0x00000004   Code   RO         4195    x$fpl$printf1       fz_ws.l(printf1.o)
    0x080098ca   0x00000000   Code   RO         4197    x$fpl$usenofp       fz_ws.l(usenofp.o)
    0x080098ca   0x00007d40   Data   RO         3362    .constdata          lcd.o
    0x0801160a   0x000000c2   Data   RO         3621    .constdata          gt9147.o
    0x080116cc   0x0000000a   Data   RO         3676    .constdata          ott2001a.o
    0x080116d6   0x00000002   PAD
    0x080116d8   0x00000008   Data   RO         4109    .constdata          c_w.l(_printf_wctomb.o)
    0x080116e0   0x00000028   Data   RO         4138    .constdata          c_w.l(_printf_hex_int_ll_ptr.o)
    0x08011708   0x00000011   Data   RO         4158    .constdata          c_w.l(__printf_flags_ss_wp.o)
    0x08011719   0x00000003   PAD
    0x0801171c   0x00000094   Data   RO         4248    .constdata          c_w.l(bigflt0.o)
    0x080117b0   0x00000079   Data   RO         3730    .conststring        touch.o
    0x08011829   0x00000003   PAD
    0x0801182c   0x00000020   Data   RO         4413    Region$$Table       anon$$obj.o
    0x0801184c   0x0000001c   Data   RO         4272    locale$$data        c_w.l(lc_numeric_c.o)
    0x08011868   0x00000110   Data   RO         4289    locale$$data        c_w.l(lc_ctype_c.o)


    Execution Region ER_RW (Base: 0x20000000, Size: 0x00000058, Max: 0xffffffff, ABSOLUTE)

    Base Addr    Size         Type   Attr      Idx    E Section Name        Object

    0x20000000   0x00000014   Data   RW          203    .data               system_stm32f10x.o
    0x20000014   0x00000004   Data   RW          236    .data               delay.o
    0x20000018   0x00000004   Data   RW         3363    .data               lcd.o
    0x2000001c   0x00000001   Data   RW         3622    .data               gt9147.o
    0x2000001d   0x00000001   Data   RW         3677    .data               ott2001a.o
    0x2000001e   0x00000002   PAD
    0x20000020   0x0000002c   Data   RW         3731    .data               touch.o
    0x2000004c   0x00000009   Data   RW         3987    .data               hwtimer.o


    Execution Region ER_ZI (Base: 0x20000058, Size: 0x00000670, Max: 0xffffffff, ABSOLUTE)

    Base Addr    Size         Type   Attr      Idx    E Section Name        Object

    0x20000058   0x0000000e   Zero   RW         3361    .bss                lcd.o
    0x20000066   0x00000002   PAD
    0x20000068   0x00000060   Zero   RW         4234    .bss                c_w.l(libspace.o)
    0x200000c8   0x00000200   Zero   RW          325    HEAP                startup_stm32f10x_hd.o
    0x200002c8   0x00000400   Zero   RW          324    STACK               startup_stm32f10x_hd.o


==============================================================================

Image component sizes


      Code (inc. data)   RO Data    RW Data    ZI Data      Debug   Object Name

       262          0          0          0          0       3109   24cxx.o
       330         32          0          0          0       2360   adc.o
       702        126          0          0          0       5061   ctiic.o
       220         26          0          4          0     214051   delay.o
       950         46        194          1          0       4490   gt9147.o
       176         18          0          9          0        930   hwtimer.o
     17088        174      32064          4         14      26361   lcd.o
       248         22          0          0          0     245519   main.o
        40          0          0          0          0        558   misc.o
       704        110          0          0          0       4494   myiic.o
       838         50         10          1          0       4267   ott2001a.o
       996        118          0          0          0       2326   relay.o
        64         26        304          0       1536        824   startup_stm32f10x_hd.o
       486         24          0          0          0       8926   stm32f10x_adc.o
       282          6          0          0          0       1917   stm32f10x_fsmc.o
       286          0          0          0          0       3164   stm32f10x_gpio.o
        26          0          0          0          0       4018   stm32f10x_it.o
       120         24          0          0          0       2385   stm32f10x_rcc.o
        40          0          0          0          0       1846   stm32f10x_tim.o
         0          0          0          0          0         32   sys.o
       328         28          0         20          0       2257   system_stm32f10x.o
      4016        270        121         44          0      10609   touch.o

    ----------------------------------------------------------------------
     28232       1100      32730         88       1552     549504   Object Totals
         0          0         32          0          0          0   (incl. Generated)
        30          0          5          5          2          0   (incl. Padding)

    ----------------------------------------------------------------------

      Code (inc. data)   RO Data    RW Data    ZI Data      Debug   Library Member Name

         8          0          0          0          0         68   __main.o
       392          4         17          0          0         92   __printf_flags_ss_wp.o
        14          0          0          0          0         68   __printf_wp.o
         0          0          0          0          0          0   __rtentry.o
        12          0          0          0          0          0   __rtentry2.o
         6          0          0          0          0          0   __rtentry4.o
        52          8          0          0          0          0   __scatter.o
        26          0          0          0          0          0   __scatter_copy.o
        28          0          0          0          0          0   __scatter_zi.o
         6          0          0          0          0          0   _printf_a.o
         6          0          0          0          0          0   _printf_c.o
        44          0          0          0          0        108   _printf_char.o
        48          6          0          0          0         96   _printf_char_common.o
        40          0          0          0          0         68   _printf_charcount.o
         6          0          0          0          0          0   _printf_d.o
       120         16          0          0          0         92   _printf_dec.o
         6          0          0          0          0          0   _printf_e.o
         6          0          0          0          0          0   _printf_f.o
      1050          0          0          0          0        216   _printf_fp_dec.o
       128         16          0          0          0         84   _printf_fp_infnan.o
         6          0          0          0          0          0   _printf_g.o
       148          4         40          0          0        160   _printf_hex_int_ll_ptr.o
         6          0          0          0          0          0   _printf_i.o
       178          0          0          0          0         88   _printf_intcommon.o
        10          0          0          0          0          0   _printf_l.o
         6          0          0          0          0          0   _printf_lc.o
        10          0          0          0          0          0   _printf_ll.o
         6          0          0          0          0          0   _printf_lld.o
         6          0          0          0          0          0   _printf_lli.o
         6          0          0          0          0          0   _printf_llo.o
         6          0          0          0          0          0   _printf_llu.o
         6          0          0          0          0          0   _printf_llx.o
       124         16          0          0          0         92   _printf_longlong_dec.o
         6          0          0          0          0          0   _printf_ls.o
         6          0          0          0          0          0   _printf_n.o
         6          0          0          0          0          0   _printf_o.o
       112          8          0          0          0        124   _printf_oct_int_ll.o
         6          0          0          0          0          0   _printf_p.o
        78          0          0          0          0        108   _printf_pad.o
         0          0          0          0          0          0   _printf_percent.o
         4          0          0          0          0          0   _printf_percent_end.o
         6          0          0          0          0          0   _printf_s.o
        82          0          0          0          0         80   _printf_str.o
        36          0          0          0          0         84   _printf_truncate.o
         6          0          0          0          0          0   _printf_u.o
        44          0          0          0          0        108   _printf_wchar.o
       188          6          8          0          0         92   _printf_wctomb.o
         6          0          0          0          0          0   _printf_x.o
        22          0          0          0          0        100   _rserrno.o
        10          0          0          0          0         68   _sputc.o
        64          0          0          0          0         92   _wcrtomb.o
       220          4        148          0          0         96   bigflt0.o
      1910        128          0          0          0        672   btod.o
        36          4          0          0          0         76   c89vsprintf.o
        12          0          0          0          0         72   exit.o
         6          0          0          0          0        152   heapauxi.o
         0          0          0          0          0          0   indicate_semi.o
        44         10        272          0          0         76   lc_ctype_c.o
        44         10         28          0          0         76   lc_numeric_c.o
         2          0          0          0          0          0   libinit.o
        30          0          0          0          0          0   libinit2.o
         2          0          0          0          0          0   libshutdown.o
         2          0          0          0          0          0   libshutdown2.o
         8          4          0          0         96         68   libspace.o
       138          0          0          0          0         80   lludiv10.o
        16          4          0          0          0         76   rt_ctype_table.o
         8          4          0          0          0         68   rt_errno_addr_intlibspace.o
         8          4          0          0          0         68   rt_locale_intlibspace.o
         2          0          0          0          0          0   rtexit.o
        10          0          0          0          0          0   rtexit2.o
       128          0          0          0          0         68   strcmpv7m.o
        12          4          0          0          0         68   sys_exit.o
        74          0          0          0          0         80   sys_stackheap_outer.o
         2          0          0          0          0         68   use_no_semi.o
        98          4          0          0          0         92   d2f.o
       826         16          0          0          0        348   daddsub_clz.o
        24          0          0          0          0         68   dcmpi.o
       688        140          0          0          0        208   ddiv.o
        90          4          0          0          0         92   dfixu.o
        84          0          0          0          0        136   dflt_clz.o
       120          4          0          0          0         92   dleqf.o
       340         12          0          0          0        104   dmul.o
       156          4          0          0          0         92   dnaninf.o
        12          0          0          0          0         68   dretinf.o
       108          0          0          0          0         80   drleqf.o
       460         56          0          0          0        120   dsqrt_noumaal.o
        86          4          0          0          0         84   f2d.o
       430          8          0          0          0        168   faddsub_clz.o
       388         76          0          0          0         96   fdiv.o
        54          4          0          0          0         84   ffix.o
        62          4          0          0          0         84   ffixu.o
        86          0          0          0          0        136   fflt_clz.o
       258          4          0          0          0         84   fmul.o
       140          4          0          0          0         84   fnaninf.o
        10          0          0          0          0         68   fretinf.o
         4          0          0          0          0         68   printf1.o
         0          0          0          0          0          0   usenofp.o
        40          0          0          0          0         68   fpclassify.o
        76          0          0          0          0         84   sqrt.o

    ----------------------------------------------------------------------
     10578        604        516          0         96       6560   Library Totals
        26          0          3          0          0          0   (incl. Padding)

    ----------------------------------------------------------------------

      Code (inc. data)   RO Data    RW Data    ZI Data      Debug   Library Name

      5912        260        513          0         96       3952   c_w.l
      4524        344          0          0          0       2456   fz_ws.l
       116          0          0          0          0        152   m_ws.l

    ----------------------------------------------------------------------
     10578        604        516          0         96       6560   Library Totals

    ----------------------------------------------------------------------

==============================================================================


      Code (inc. data)   RO Data    RW Data    ZI Data      Debug   

     38810       1704      33246         88       1648     546856   Grand Totals
     38810       1704      33246         88       1648     546856   ELF Image Totals
     38810       1704      33246         88          0          0   ROM Totals

==============================================================================

    Total RO  Size (Code + RO Data)                72056 (  70.37kB)
    Total RW  Size (RW Data + ZI Data)              1736 (   1.70kB)
    Total ROM Size (Code + RO Data + RW Data)      72144 (  70.45kB)

==============================================================================

