<html>
<body>
<pre>
<h1>µVision Build Log</h1>
<h2>Tool Versions:</h2>
IDE-Version: ¶ÃVision V5.14.0.0
Copyright (C) 2015 ARM Ltd and ARM Germany GmbH. All rights reserved.
License Information: Chalino Administrator, Chalino, LIC=V85GK-ZIFB3-9Z1WW-QBFUL-VSY4P-YPYZC
 
Tool Versions:
Toolchain:       MDK-ARM Professional  Version: 5.14.0.0
Toolchain Path:  C:\Keil_v5\ARM\ARMCC\Bin
C Compiler:      Armcc.exe V5.05 update 1 (build 106)
Assembler:       Armasm.exe V5.05 update 1 (build 106)
Linker/Locator:  ArmLink.exe V5.05 update 1 (build 106)
Library Manager: ArmAr.exe V5.05 update 1 (build 106)
Hex Converter:   FromElf.exe V5.05 update 1 (build 106)
CPU DLL:         SARMCM3.DLL V5.14.0.0
Dialog DLL:      DCM.DLL V1.13.1.0
Target DLL:      Segger\JL2CM3.dll V2.99.13.0
Dialog DLL:      TCM.DLL V1.14.4.0
 
<h2>Project:</h2>
C:\Users\Administrator\Desktop\œÓƒø\æ¯‘µ≤‚ ‘__ƒÕ—π≤‚ ‘(2500)\ƒÕ—πºÏ≤‚V1.72(11.12)\USER\Insulation.uvprojx
Project File Date:  10/24/2018

<h2>Output:</h2>
Build target 'Insulation'
compiling main.c...
main.c(164): warning:  #1293-D: assignment in condition
                                if((ctnums[ct_num].x ==i&&ctnums[ct_num].y==j)||(ctnums[ct_num].x=j&&ctnums[ct_num].y ==i) )
main.c: 1 warning, 0 errors
linking...
Program Size: Code=39046 RO-data=11294 RW-data=76 ZI-data=1652  
FromELF: creating hex file...
"..\OBJ\Insulation.axf" - 0 Error(s), 1 Warning(s).

<h2>Collection of Component include folders:</h2>
  C:\Users\Administrator\Desktop\œÓƒø\æ¯‘µ≤‚ ‘__ƒÕ—π≤‚ ‘(2500)\ƒÕ—πºÏ≤‚V1.72(11.12)\USER\RTE
  C:\Keil_v5\ARM\PACK\Keil\STM32F1xx_DFP\1.0.5\Device\Include

<h2>Collection of Component Files used:</h2>
</pre>
</body>
</html>
